21:14:37 **** Build of configuration Debug for project Plasma_Gen_V1.0_20171227 ****
make all 
Building file: E:/My_Work/20171116_FemtoScience/Plasma_Gen_git/STM32Cube Data/Plasma_Gen_V1.0_20171227/Middlewares/Third_Party/FreeRTOS/Source/CMSIS_RTOS/cmsis_os.c
Invoking: MCU GCC Compiler
E:\My_Work\20171116_FemtoScience\Plasma_Gen_git\STM32Cube Data\Plasma_Gen_V1.0_20171227\SW4STM32\Plasma_Gen_V1.0_20171227\Debug
arm-none-eabi-gcc -mcpu=cortex-m0 -mthumb -mfloat-abi=soft '-D__weak=__attribute__((weak))' '-D__packed=__attribute__((__packed__))' -DUSE_HAL_DRIVER -DSTM32F070xB -I"E:/My_Work/20171116_FemtoScience/Plasma_Gen_git/STM32Cube Data/Plasma_Gen_V1.0_20171227/Inc" -I"E:/My_Work/20171116_FemtoScience/Plasma_Gen_git/STM32Cube Data/Plasma_Gen_V1.0_20171227/Drivers/STM32F0xx_HAL_Driver/Inc" -I"E:/My_Work/20171116_FemtoScience/Plasma_Gen_git/STM32Cube Data/Plasma_Gen_V1.0_20171227/Drivers/STM32F0xx_HAL_Driver/Inc/Legacy" -I"E:/My_Work/20171116_FemtoScience/Plasma_Gen_git/STM32Cube Data/Plasma_Gen_V1.0_20171227/Middlewares/Third_Party/FreeRTOS/Source/portable/GCC/ARM_CM0" -I"E:/My_Work/20171116_FemtoScience/Plasma_Gen_git/STM32Cube Data/Plasma_Gen_V1.0_20171227/Drivers/CMSIS/Device/ST/STM32F0xx/Include" -I"E:/My_Work/20171116_FemtoScience/Plasma_Gen_git/STM32Cube Data/Plasma_Gen_V1.0_20171227/Middlewares/Third_Party/FreeRTOS/Source/include" -I"E:/My_Work/20171116_FemtoScience/Plasma_Gen_git/STM32Cube Data/Plasma_Gen_V1.0_20171227/Middlewares/Third_Party/FreeRTOS/Source/CMSIS_RTOS" -I"E:/My_Work/20171116_FemtoScience/Plasma_Gen_git/STM32Cube Data/Plasma_Gen_V1.0_20171227/Drivers/CMSIS/Include"  -Og -g3 -Wall -fmessage-length=0 -ffunction-sections -c -fmessage-length=0 -MMD -MP -MF"Middlewares/FreeRTOS/cmsis_os.d" -MT"Middlewares/FreeRTOS/cmsis_os.o" -o "Middlewares/FreeRTOS/cmsis_os.o" "E:/My_Work/20171116_FemtoScience/Plasma_Gen_git/STM32Cube Data/Plasma_Gen_V1.0_20171227/Middlewares/Third_Party/FreeRTOS/Source/CMSIS_RTOS/cmsis_os.c"
Finished building: E:/My_Work/20171116_FemtoScience/Plasma_Gen_git/STM32Cube Data/Plasma_Gen_V1.0_20171227/Middlewares/Third_Party/FreeRTOS/Source/CMSIS_RTOS/cmsis_os.c
 
Building file: E:/My_Work/20171116_FemtoScience/Plasma_Gen_git/STM32Cube Data/Plasma_Gen_V1.0_20171227/Middlewares/Third_Party/FreeRTOS/Source/croutine.c
Invoking: MCU GCC Compiler
E:\My_Work\20171116_FemtoScience\Plasma_Gen_git\STM32Cube Data\Plasma_Gen_V1.0_20171227\SW4STM32\Plasma_Gen_V1.0_20171227\Debug
arm-none-eabi-gcc -mcpu=cortex-m0 -mthumb -mfloat-abi=soft '-D__weak=__attribute__((weak))' '-D__packed=__attribute__((__packed__))' -DUSE_HAL_DRIVER -DSTM32F070xB -I"E:/My_Work/20171116_FemtoScience/Plasma_Gen_git/STM32Cube Data/Plasma_Gen_V1.0_20171227/Inc" -I"E:/My_Work/20171116_FemtoScience/Plasma_Gen_git/STM32Cube Data/Plasma_Gen_V1.0_20171227/Drivers/STM32F0xx_HAL_Driver/Inc" -I"E:/My_Work/20171116_FemtoScience/Plasma_Gen_git/STM32Cube Data/Plasma_Gen_V1.0_20171227/Drivers/STM32F0xx_HAL_Driver/Inc/Legacy" -I"E:/My_Work/20171116_FemtoScience/Plasma_Gen_git/STM32Cube Data/Plasma_Gen_V1.0_20171227/Middlewares/Third_Party/FreeRTOS/Source/portable/GCC/ARM_CM0" -I"E:/My_Work/20171116_FemtoScience/Plasma_Gen_git/STM32Cube Data/Plasma_Gen_V1.0_20171227/Drivers/CMSIS/Device/ST/STM32F0xx/Include" -I"E:/My_Work/20171116_FemtoScience/Plasma_Gen_git/STM32Cube Data/Plasma_Gen_V1.0_20171227/Middlewares/Third_Party/FreeRTOS/Source/include" -I"E:/My_Work/20171116_FemtoScience/Plasma_Gen_git/STM32Cube Data/Plasma_Gen_V1.0_20171227/Middlewares/Third_Party/FreeRTOS/Source/CMSIS_RTOS" -I"E:/My_Work/20171116_FemtoScience/Plasma_Gen_git/STM32Cube Data/Plasma_Gen_V1.0_20171227/Drivers/CMSIS/Include"  -Og -g3 -Wall -fmessage-length=0 -ffunction-sections -c -fmessage-length=0 -MMD -MP -MF"Middlewares/FreeRTOS/croutine.d" -MT"Middlewares/FreeRTOS/croutine.o" -o "Middlewares/FreeRTOS/croutine.o" "E:/My_Work/20171116_FemtoScience/Plasma_Gen_git/STM32Cube Data/Plasma_Gen_V1.0_20171227/Middlewares/Third_Party/FreeRTOS/Source/croutine.c"
Finished building: E:/My_Work/20171116_FemtoScience/Plasma_Gen_git/STM32Cube Data/Plasma_Gen_V1.0_20171227/Middlewares/Third_Party/FreeRTOS/Source/croutine.c
 
Building file: E:/My_Work/20171116_FemtoScience/Plasma_Gen_git/STM32Cube Data/Plasma_Gen_V1.0_20171227/Middlewares/Third_Party/FreeRTOS/Source/event_groups.c
Invoking: MCU GCC Compiler
E:\My_Work\20171116_FemtoScience\Plasma_Gen_git\STM32Cube Data\Plasma_Gen_V1.0_20171227\SW4STM32\Plasma_Gen_V1.0_20171227\Debug
arm-none-eabi-gcc -mcpu=cortex-m0 -mthumb -mfloat-abi=soft '-D__weak=__attribute__((weak))' '-D__packed=__attribute__((__packed__))' -DUSE_HAL_DRIVER -DSTM32F070xB -I"E:/My_Work/20171116_FemtoScience/Plasma_Gen_git/STM32Cube Data/Plasma_Gen_V1.0_20171227/Inc" -I"E:/My_Work/20171116_FemtoScience/Plasma_Gen_git/STM32Cube Data/Plasma_Gen_V1.0_20171227/Drivers/STM32F0xx_HAL_Driver/Inc" -I"E:/My_Work/20171116_FemtoScience/Plasma_Gen_git/STM32Cube Data/Plasma_Gen_V1.0_20171227/Drivers/STM32F0xx_HAL_Driver/Inc/Legacy" -I"E:/My_Work/20171116_FemtoScience/Plasma_Gen_git/STM32Cube Data/Plasma_Gen_V1.0_20171227/Middlewares/Third_Party/FreeRTOS/Source/portable/GCC/ARM_CM0" -I"E:/My_Work/20171116_FemtoScience/Plasma_Gen_git/STM32Cube Data/Plasma_Gen_V1.0_20171227/Drivers/CMSIS/Device/ST/STM32F0xx/Include" -I"E:/My_Work/20171116_FemtoScience/Plasma_Gen_git/STM32Cube Data/Plasma_Gen_V1.0_20171227/Middlewares/Third_Party/FreeRTOS/Source/include" -I"E:/My_Work/20171116_FemtoScience/Plasma_Gen_git/STM32Cube Data/Plasma_Gen_V1.0_20171227/Middlewares/Third_Party/FreeRTOS/Source/CMSIS_RTOS" -I"E:/My_Work/20171116_FemtoScience/Plasma_Gen_git/STM32Cube Data/Plasma_Gen_V1.0_20171227/Drivers/CMSIS/Include"  -Og -g3 -Wall -fmessage-length=0 -ffunction-sections -c -fmessage-length=0 -MMD -MP -MF"Middlewares/FreeRTOS/event_groups.d" -MT"Middlewares/FreeRTOS/event_groups.o" -o "Middlewares/FreeRTOS/event_groups.o" "E:/My_Work/20171116_FemtoScience/Plasma_Gen_git/STM32Cube Data/Plasma_Gen_V1.0_20171227/Middlewares/Third_Party/FreeRTOS/Source/event_groups.c"
Finished building: E:/My_Work/20171116_FemtoScience/Plasma_Gen_git/STM32Cube Data/Plasma_Gen_V1.0_20171227/Middlewares/Third_Party/FreeRTOS/Source/event_groups.c
 
Building file: E:/My_Work/20171116_FemtoScience/Plasma_Gen_git/STM32Cube Data/Plasma_Gen_V1.0_20171227/Middlewares/Third_Party/FreeRTOS/Source/portable/MemMang/heap_4.c
Invoking: MCU GCC Compiler
E:\My_Work\20171116_FemtoScience\Plasma_Gen_git\STM32Cube Data\Plasma_Gen_V1.0_20171227\SW4STM32\Plasma_Gen_V1.0_20171227\Debug
arm-none-eabi-gcc -mcpu=cortex-m0 -mthumb -mfloat-abi=soft '-D__weak=__attribute__((weak))' '-D__packed=__attribute__((__packed__))' -DUSE_HAL_DRIVER -DSTM32F070xB -I"E:/My_Work/20171116_FemtoScience/Plasma_Gen_git/STM32Cube Data/Plasma_Gen_V1.0_20171227/Inc" -I"E:/My_Work/20171116_FemtoScience/Plasma_Gen_git/STM32Cube Data/Plasma_Gen_V1.0_20171227/Drivers/STM32F0xx_HAL_Driver/Inc" -I"E:/My_Work/20171116_FemtoScience/Plasma_Gen_git/STM32Cube Data/Plasma_Gen_V1.0_20171227/Drivers/STM32F0xx_HAL_Driver/Inc/Legacy" -I"E:/My_Work/20171116_FemtoScience/Plasma_Gen_git/STM32Cube Data/Plasma_Gen_V1.0_20171227/Middlewares/Third_Party/FreeRTOS/Source/portable/GCC/ARM_CM0" -I"E:/My_Work/20171116_FemtoScience/Plasma_Gen_git/STM32Cube Data/Plasma_Gen_V1.0_20171227/Drivers/CMSIS/Device/ST/STM32F0xx/Include" -I"E:/My_Work/20171116_FemtoScience/Plasma_Gen_git/STM32Cube Data/Plasma_Gen_V1.0_20171227/Middlewares/Third_Party/FreeRTOS/Source/include" -I"E:/My_Work/20171116_FemtoScience/Plasma_Gen_git/STM32Cube Data/Plasma_Gen_V1.0_20171227/Middlewares/Third_Party/FreeRTOS/Source/CMSIS_RTOS" -I"E:/My_Work/20171116_FemtoScience/Plasma_Gen_git/STM32Cube Data/Plasma_Gen_V1.0_20171227/Drivers/CMSIS/Include"  -Og -g3 -Wall -fmessage-length=0 -ffunction-sections -c -fmessage-length=0 -MMD -MP -MF"Middlewares/FreeRTOS/heap_4.d" -MT"Middlewares/FreeRTOS/heap_4.o" -o "Middlewares/FreeRTOS/heap_4.o" "E:/My_Work/20171116_FemtoScience/Plasma_Gen_git/STM32Cube Data/Plasma_Gen_V1.0_20171227/Middlewares/Third_Party/FreeRTOS/Source/portable/MemMang/heap_4.c"
Finished building: E:/My_Work/20171116_FemtoScience/Plasma_Gen_git/STM32Cube Data/Plasma_Gen_V1.0_20171227/Middlewares/Third_Party/FreeRTOS/Source/portable/MemMang/heap_4.c
 
Building file: E:/My_Work/20171116_FemtoScience/Plasma_Gen_git/STM32Cube Data/Plasma_Gen_V1.0_20171227/Middlewares/Third_Party/FreeRTOS/Source/list.c
Invoking: MCU GCC Compiler
E:\My_Work\20171116_FemtoScience\Plasma_Gen_git\STM32Cube Data\Plasma_Gen_V1.0_20171227\SW4STM32\Plasma_Gen_V1.0_20171227\Debug
arm-none-eabi-gcc -mcpu=cortex-m0 -mthumb -mfloat-abi=soft '-D__weak=__attribute__((weak))' '-D__packed=__attribute__((__packed__))' -DUSE_HAL_DRIVER -DSTM32F070xB -I"E:/My_Work/20171116_FemtoScience/Plasma_Gen_git/STM32Cube Data/Plasma_Gen_V1.0_20171227/Inc" -I"E:/My_Work/20171116_FemtoScience/Plasma_Gen_git/STM32Cube Data/Plasma_Gen_V1.0_20171227/Drivers/STM32F0xx_HAL_Driver/Inc" -I"E:/My_Work/20171116_FemtoScience/Plasma_Gen_git/STM32Cube Data/Plasma_Gen_V1.0_20171227/Drivers/STM32F0xx_HAL_Driver/Inc/Legacy" -I"E:/My_Work/20171116_FemtoScience/Plasma_Gen_git/STM32Cube Data/Plasma_Gen_V1.0_20171227/Middlewares/Third_Party/FreeRTOS/Source/portable/GCC/ARM_CM0" -I"E:/My_Work/20171116_FemtoScience/Plasma_Gen_git/STM32Cube Data/Plasma_Gen_V1.0_20171227/Drivers/CMSIS/Device/ST/STM32F0xx/Include" -I"E:/My_Work/20171116_FemtoScience/Plasma_Gen_git/STM32Cube Data/Plasma_Gen_V1.0_20171227/Middlewares/Third_Party/FreeRTOS/Source/include" -I"E:/My_Work/20171116_FemtoScience/Plasma_Gen_git/STM32Cube Data/Plasma_Gen_V1.0_20171227/Middlewares/Third_Party/FreeRTOS/Source/CMSIS_RTOS" -I"E:/My_Work/20171116_FemtoScience/Plasma_Gen_git/STM32Cube Data/Plasma_Gen_V1.0_20171227/Drivers/CMSIS/Include"  -Og -g3 -Wall -fmessage-length=0 -ffunction-sections -c -fmessage-length=0 -MMD -MP -MF"Middlewares/FreeRTOS/list.d" -MT"Middlewares/FreeRTOS/list.o" -o "Middlewares/FreeRTOS/list.o" "E:/My_Work/20171116_FemtoScience/Plasma_Gen_git/STM32Cube Data/Plasma_Gen_V1.0_20171227/Middlewares/Third_Party/FreeRTOS/Source/list.c"
Finished building: E:/My_Work/20171116_FemtoScience/Plasma_Gen_git/STM32Cube Data/Plasma_Gen_V1.0_20171227/Middlewares/Third_Party/FreeRTOS/Source/list.c
 
Building file: E:/My_Work/20171116_FemtoScience/Plasma_Gen_git/STM32Cube Data/Plasma_Gen_V1.0_20171227/Middlewares/Third_Party/FreeRTOS/Source/portable/GCC/ARM_CM0/port.c
Invoking: MCU GCC Compiler
E:\My_Work\20171116_FemtoScience\Plasma_Gen_git\STM32Cube Data\Plasma_Gen_V1.0_20171227\SW4STM32\Plasma_Gen_V1.0_20171227\Debug
arm-none-eabi-gcc -mcpu=cortex-m0 -mthumb -mfloat-abi=soft '-D__weak=__attribute__((weak))' '-D__packed=__attribute__((__packed__))' -DUSE_HAL_DRIVER -DSTM32F070xB -I"E:/My_Work/20171116_FemtoScience/Plasma_Gen_git/STM32Cube Data/Plasma_Gen_V1.0_20171227/Inc" -I"E:/My_Work/20171116_FemtoScience/Plasma_Gen_git/STM32Cube Data/Plasma_Gen_V1.0_20171227/Drivers/STM32F0xx_HAL_Driver/Inc" -I"E:/My_Work/20171116_FemtoScience/Plasma_Gen_git/STM32Cube Data/Plasma_Gen_V1.0_20171227/Drivers/STM32F0xx_HAL_Driver/Inc/Legacy" -I"E:/My_Work/20171116_FemtoScience/Plasma_Gen_git/STM32Cube Data/Plasma_Gen_V1.0_20171227/Middlewares/Third_Party/FreeRTOS/Source/portable/GCC/ARM_CM0" -I"E:/My_Work/20171116_FemtoScience/Plasma_Gen_git/STM32Cube Data/Plasma_Gen_V1.0_20171227/Drivers/CMSIS/Device/ST/STM32F0xx/Include" -I"E:/My_Work/20171116_FemtoScience/Plasma_Gen_git/STM32Cube Data/Plasma_Gen_V1.0_20171227/Middlewares/Third_Party/FreeRTOS/Source/include" -I"E:/My_Work/20171116_FemtoScience/Plasma_Gen_git/STM32Cube Data/Plasma_Gen_V1.0_20171227/Middlewares/Third_Party/FreeRTOS/Source/CMSIS_RTOS" -I"E:/My_Work/20171116_FemtoScience/Plasma_Gen_git/STM32Cube Data/Plasma_Gen_V1.0_20171227/Drivers/CMSIS/Include"  -Og -g3 -Wall -fmessage-length=0 -ffunction-sections -c -fmessage-length=0 -MMD -MP -MF"Middlewares/FreeRTOS/port.d" -MT"Middlewares/FreeRTOS/port.o" -o "Middlewares/FreeRTOS/port.o" "E:/My_Work/20171116_FemtoScience/Plasma_Gen_git/STM32Cube Data/Plasma_Gen_V1.0_20171227/Middlewares/Third_Party/FreeRTOS/Source/portable/GCC/ARM_CM0/port.c"
Finished building: E:/My_Work/20171116_FemtoScience/Plasma_Gen_git/STM32Cube Data/Plasma_Gen_V1.0_20171227/Middlewares/Third_Party/FreeRTOS/Source/portable/GCC/ARM_CM0/port.c
 
Building file: E:/My_Work/20171116_FemtoScience/Plasma_Gen_git/STM32Cube Data/Plasma_Gen_V1.0_20171227/Middlewares/Third_Party/FreeRTOS/Source/queue.c
Invoking: MCU GCC Compiler
E:\My_Work\20171116_FemtoScience\Plasma_Gen_git\STM32Cube Data\Plasma_Gen_V1.0_20171227\SW4STM32\Plasma_Gen_V1.0_20171227\Debug
arm-none-eabi-gcc -mcpu=cortex-m0 -mthumb -mfloat-abi=soft '-D__weak=__attribute__((weak))' '-D__packed=__attribute__((__packed__))' -DUSE_HAL_DRIVER -DSTM32F070xB -I"E:/My_Work/20171116_FemtoScience/Plasma_Gen_git/STM32Cube Data/Plasma_Gen_V1.0_20171227/Inc" -I"E:/My_Work/20171116_FemtoScience/Plasma_Gen_git/STM32Cube Data/Plasma_Gen_V1.0_20171227/Drivers/STM32F0xx_HAL_Driver/Inc" -I"E:/My_Work/20171116_FemtoScience/Plasma_Gen_git/STM32Cube Data/Plasma_Gen_V1.0_20171227/Drivers/STM32F0xx_HAL_Driver/Inc/Legacy" -I"E:/My_Work/20171116_FemtoScience/Plasma_Gen_git/STM32Cube Data/Plasma_Gen_V1.0_20171227/Middlewares/Third_Party/FreeRTOS/Source/portable/GCC/ARM_CM0" -I"E:/My_Work/20171116_FemtoScience/Plasma_Gen_git/STM32Cube Data/Plasma_Gen_V1.0_20171227/Drivers/CMSIS/Device/ST/STM32F0xx/Include" -I"E:/My_Work/20171116_FemtoScience/Plasma_Gen_git/STM32Cube Data/Plasma_Gen_V1.0_20171227/Middlewares/Third_Party/FreeRTOS/Source/include" -I"E:/My_Work/20171116_FemtoScience/Plasma_Gen_git/STM32Cube Data/Plasma_Gen_V1.0_20171227/Middlewares/Third_Party/FreeRTOS/Source/CMSIS_RTOS" -I"E:/My_Work/20171116_FemtoScience/Plasma_Gen_git/STM32Cube Data/Plasma_Gen_V1.0_20171227/Drivers/CMSIS/Include"  -Og -g3 -Wall -fmessage-length=0 -ffunction-sections -c -fmessage-length=0 -MMD -MP -MF"Middlewares/FreeRTOS/queue.d" -MT"Middlewares/FreeRTOS/queue.o" -o "Middlewares/FreeRTOS/queue.o" "E:/My_Work/20171116_FemtoScience/Plasma_Gen_git/STM32Cube Data/Plasma_Gen_V1.0_20171227/Middlewares/Third_Party/FreeRTOS/Source/queue.c"
Finished building: E:/My_Work/20171116_FemtoScience/Plasma_Gen_git/STM32Cube Data/Plasma_Gen_V1.0_20171227/Middlewares/Third_Party/FreeRTOS/Source/queue.c
 
Building file: E:/My_Work/20171116_FemtoScience/Plasma_Gen_git/STM32Cube Data/Plasma_Gen_V1.0_20171227/Middlewares/Third_Party/FreeRTOS/Source/tasks.c
Invoking: MCU GCC Compiler
E:\My_Work\20171116_FemtoScience\Plasma_Gen_git\STM32Cube Data\Plasma_Gen_V1.0_20171227\SW4STM32\Plasma_Gen_V1.0_20171227\Debug
arm-none-eabi-gcc -mcpu=cortex-m0 -mthumb -mfloat-abi=soft '-D__weak=__attribute__((weak))' '-D__packed=__attribute__((__packed__))' -DUSE_HAL_DRIVER -DSTM32F070xB -I"E:/My_Work/20171116_FemtoScience/Plasma_Gen_git/STM32Cube Data/Plasma_Gen_V1.0_20171227/Inc" -I"E:/My_Work/20171116_FemtoScience/Plasma_Gen_git/STM32Cube Data/Plasma_Gen_V1.0_20171227/Drivers/STM32F0xx_HAL_Driver/Inc" -I"E:/My_Work/20171116_FemtoScience/Plasma_Gen_git/STM32Cube Data/Plasma_Gen_V1.0_20171227/Drivers/STM32F0xx_HAL_Driver/Inc/Legacy" -I"E:/My_Work/20171116_FemtoScience/Plasma_Gen_git/STM32Cube Data/Plasma_Gen_V1.0_20171227/Middlewares/Third_Party/FreeRTOS/Source/portable/GCC/ARM_CM0" -I"E:/My_Work/20171116_FemtoScience/Plasma_Gen_git/STM32Cube Data/Plasma_Gen_V1.0_20171227/Drivers/CMSIS/Device/ST/STM32F0xx/Include" -I"E:/My_Work/20171116_FemtoScience/Plasma_Gen_git/STM32Cube Data/Plasma_Gen_V1.0_20171227/Middlewares/Third_Party/FreeRTOS/Source/include" -I"E:/My_Work/20171116_FemtoScience/Plasma_Gen_git/STM32Cube Data/Plasma_Gen_V1.0_20171227/Middlewares/Third_Party/FreeRTOS/Source/CMSIS_RTOS" -I"E:/My_Work/20171116_FemtoScience/Plasma_Gen_git/STM32Cube Data/Plasma_Gen_V1.0_20171227/Drivers/CMSIS/Include"  -Og -g3 -Wall -fmessage-length=0 -ffunction-sections -c -fmessage-length=0 -MMD -MP -MF"Middlewares/FreeRTOS/tasks.d" -MT"Middlewares/FreeRTOS/tasks.o" -o "Middlewares/FreeRTOS/tasks.o" "E:/My_Work/20171116_FemtoScience/Plasma_Gen_git/STM32Cube Data/Plasma_Gen_V1.0_20171227/Middlewares/Third_Party/FreeRTOS/Source/tasks.c"
Finished building: E:/My_Work/20171116_FemtoScience/Plasma_Gen_git/STM32Cube Data/Plasma_Gen_V1.0_20171227/Middlewares/Third_Party/FreeRTOS/Source/tasks.c
 
Building file: E:/My_Work/20171116_FemtoScience/Plasma_Gen_git/STM32Cube Data/Plasma_Gen_V1.0_20171227/Middlewares/Third_Party/FreeRTOS/Source/timers.c
Invoking: MCU GCC Compiler
E:\My_Work\20171116_FemtoScience\Plasma_Gen_git\STM32Cube Data\Plasma_Gen_V1.0_20171227\SW4STM32\Plasma_Gen_V1.0_20171227\Debug
arm-none-eabi-gcc -mcpu=cortex-m0 -mthumb -mfloat-abi=soft '-D__weak=__attribute__((weak))' '-D__packed=__attribute__((__packed__))' -DUSE_HAL_DRIVER -DSTM32F070xB -I"E:/My_Work/20171116_FemtoScience/Plasma_Gen_git/STM32Cube Data/Plasma_Gen_V1.0_20171227/Inc" -I"E:/My_Work/20171116_FemtoScience/Plasma_Gen_git/STM32Cube Data/Plasma_Gen_V1.0_20171227/Drivers/STM32F0xx_HAL_Driver/Inc" -I"E:/My_Work/20171116_FemtoScience/Plasma_Gen_git/STM32Cube Data/Plasma_Gen_V1.0_20171227/Drivers/STM32F0xx_HAL_Driver/Inc/Legacy" -I"E:/My_Work/20171116_FemtoScience/Plasma_Gen_git/STM32Cube Data/Plasma_Gen_V1.0_20171227/Middlewares/Third_Party/FreeRTOS/Source/portable/GCC/ARM_CM0" -I"E:/My_Work/20171116_FemtoScience/Plasma_Gen_git/STM32Cube Data/Plasma_Gen_V1.0_20171227/Drivers/CMSIS/Device/ST/STM32F0xx/Include" -I"E:/My_Work/20171116_FemtoScience/Plasma_Gen_git/STM32Cube Data/Plasma_Gen_V1.0_20171227/Middlewares/Third_Party/FreeRTOS/Source/include" -I"E:/My_Work/20171116_FemtoScience/Plasma_Gen_git/STM32Cube Data/Plasma_Gen_V1.0_20171227/Middlewares/Third_Party/FreeRTOS/Source/CMSIS_RTOS" -I"E:/My_Work/20171116_FemtoScience/Plasma_Gen_git/STM32Cube Data/Plasma_Gen_V1.0_20171227/Drivers/CMSIS/Include"  -Og -g3 -Wall -fmessage-length=0 -ffunction-sections -c -fmessage-length=0 -MMD -MP -MF"Middlewares/FreeRTOS/timers.d" -MT"Middlewares/FreeRTOS/timers.o" -o "Middlewares/FreeRTOS/timers.o" "E:/My_Work/20171116_FemtoScience/Plasma_Gen_git/STM32Cube Data/Plasma_Gen_V1.0_20171227/Middlewares/Third_Party/FreeRTOS/Source/timers.c"
Finished building: E:/My_Work/20171116_FemtoScience/Plasma_Gen_git/STM32Cube Data/Plasma_Gen_V1.0_20171227/Middlewares/Third_Party/FreeRTOS/Source/timers.c
 
Building file: E:/My_Work/20171116_FemtoScience/Plasma_Gen_git/STM32Cube Data/Plasma_Gen_V1.0_20171227/Drivers/STM32F0xx_HAL_Driver/Src/stm32f0xx_hal.c
Invoking: MCU GCC Compiler
E:\My_Work\20171116_FemtoScience\Plasma_Gen_git\STM32Cube Data\Plasma_Gen_V1.0_20171227\SW4STM32\Plasma_Gen_V1.0_20171227\Debug
arm-none-eabi-gcc -mcpu=cortex-m0 -mthumb -mfloat-abi=soft '-D__weak=__attribute__((weak))' '-D__packed=__attribute__((__packed__))' -DUSE_HAL_DRIVER -DSTM32F070xB -I"E:/My_Work/20171116_FemtoScience/Plasma_Gen_git/STM32Cube Data/Plasma_Gen_V1.0_20171227/Inc" -I"E:/My_Work/20171116_FemtoScience/Plasma_Gen_git/STM32Cube Data/Plasma_Gen_V1.0_20171227/Drivers/STM32F0xx_HAL_Driver/Inc" -I"E:/My_Work/20171116_FemtoScience/Plasma_Gen_git/STM32Cube Data/Plasma_Gen_V1.0_20171227/Drivers/STM32F0xx_HAL_Driver/Inc/Legacy" -I"E:/My_Work/20171116_FemtoScience/Plasma_Gen_git/STM32Cube Data/Plasma_Gen_V1.0_20171227/Middlewares/Third_Party/FreeRTOS/Source/portable/GCC/ARM_CM0" -I"E:/My_Work/20171116_FemtoScience/Plasma_Gen_git/STM32Cube Data/Plasma_Gen_V1.0_20171227/Drivers/CMSIS/Device/ST/STM32F0xx/Include" -I"E:/My_Work/20171116_FemtoScience/Plasma_Gen_git/STM32Cube Data/Plasma_Gen_V1.0_20171227/Middlewares/Third_Party/FreeRTOS/Source/include" -I"E:/My_Work/20171116_FemtoScience/Plasma_Gen_git/STM32Cube Data/Plasma_Gen_V1.0_20171227/Middlewares/Third_Party/FreeRTOS/Source/CMSIS_RTOS" -I"E:/My_Work/20171116_FemtoScience/Plasma_Gen_git/STM32Cube Data/Plasma_Gen_V1.0_20171227/Drivers/CMSIS/Include"  -Og -g3 -Wall -fmessage-length=0 -ffunction-sections -c -fmessage-length=0 -MMD -MP -MF"Drivers/STM32F0xx_HAL_Driver/stm32f0xx_hal.d" -MT"Drivers/STM32F0xx_HAL_Driver/stm32f0xx_hal.o" -o "Drivers/STM32F0xx_HAL_Driver/stm32f0xx_hal.o" "E:/My_Work/20171116_FemtoScience/Plasma_Gen_git/STM32Cube Data/Plasma_Gen_V1.0_20171227/Drivers/STM32F0xx_HAL_Driver/Src/stm32f0xx_hal.c"
Finished building: E:/My_Work/20171116_FemtoScience/Plasma_Gen_git/STM32Cube Data/Plasma_Gen_V1.0_20171227/Drivers/STM32F0xx_HAL_Driver/Src/stm32f0xx_hal.c
 
Building file: E:/My_Work/20171116_FemtoScience/Plasma_Gen_git/STM32Cube Data/Plasma_Gen_V1.0_20171227/Drivers/STM32F0xx_HAL_Driver/Src/stm32f0xx_hal_adc.c
Invoking: MCU GCC Compiler
E:\My_Work\20171116_FemtoScience\Plasma_Gen_git\STM32Cube Data\Plasma_Gen_V1.0_20171227\SW4STM32\Plasma_Gen_V1.0_20171227\Debug
arm-none-eabi-gcc -mcpu=cortex-m0 -mthumb -mfloat-abi=soft '-D__weak=__attribute__((weak))' '-D__packed=__attribute__((__packed__))' -DUSE_HAL_DRIVER -DSTM32F070xB -I"E:/My_Work/20171116_FemtoScience/Plasma_Gen_git/STM32Cube Data/Plasma_Gen_V1.0_20171227/Inc" -I"E:/My_Work/20171116_FemtoScience/Plasma_Gen_git/STM32Cube Data/Plasma_Gen_V1.0_20171227/Drivers/STM32F0xx_HAL_Driver/Inc" -I"E:/My_Work/20171116_FemtoScience/Plasma_Gen_git/STM32Cube Data/Plasma_Gen_V1.0_20171227/Drivers/STM32F0xx_HAL_Driver/Inc/Legacy" -I"E:/My_Work/20171116_FemtoScience/Plasma_Gen_git/STM32Cube Data/Plasma_Gen_V1.0_20171227/Middlewares/Third_Party/FreeRTOS/Source/portable/GCC/ARM_CM0" -I"E:/My_Work/20171116_FemtoScience/Plasma_Gen_git/STM32Cube Data/Plasma_Gen_V1.0_20171227/Drivers/CMSIS/Device/ST/STM32F0xx/Include" -I"E:/My_Work/20171116_FemtoScience/Plasma_Gen_git/STM32Cube Data/Plasma_Gen_V1.0_20171227/Middlewares/Third_Party/FreeRTOS/Source/include" -I"E:/My_Work/20171116_FemtoScience/Plasma_Gen_git/STM32Cube Data/Plasma_Gen_V1.0_20171227/Middlewares/Third_Party/FreeRTOS/Source/CMSIS_RTOS" -I"E:/My_Work/20171116_FemtoScience/Plasma_Gen_git/STM32Cube Data/Plasma_Gen_V1.0_20171227/Drivers/CMSIS/Include"  -Og -g3 -Wall -fmessage-length=0 -ffunction-sections -c -fmessage-length=0 -MMD -MP -MF"Drivers/STM32F0xx_HAL_Driver/stm32f0xx_hal_adc.d" -MT"Drivers/STM32F0xx_HAL_Driver/stm32f0xx_hal_adc.o" -o "Drivers/STM32F0xx_HAL_Driver/stm32f0xx_hal_adc.o" "E:/My_Work/20171116_FemtoScience/Plasma_Gen_git/STM32Cube Data/Plasma_Gen_V1.0_20171227/Drivers/STM32F0xx_HAL_Driver/Src/stm32f0xx_hal_adc.c"
Finished building: E:/My_Work/20171116_FemtoScience/Plasma_Gen_git/STM32Cube Data/Plasma_Gen_V1.0_20171227/Drivers/STM32F0xx_HAL_Driver/Src/stm32f0xx_hal_adc.c
 
Building file: E:/My_Work/20171116_FemtoScience/Plasma_Gen_git/STM32Cube Data/Plasma_Gen_V1.0_20171227/Drivers/STM32F0xx_HAL_Driver/Src/stm32f0xx_hal_adc_ex.c
Invoking: MCU GCC Compiler
E:\My_Work\20171116_FemtoScience\Plasma_Gen_git\STM32Cube Data\Plasma_Gen_V1.0_20171227\SW4STM32\Plasma_Gen_V1.0_20171227\Debug
arm-none-eabi-gcc -mcpu=cortex-m0 -mthumb -mfloat-abi=soft '-D__weak=__attribute__((weak))' '-D__packed=__attribute__((__packed__))' -DUSE_HAL_DRIVER -DSTM32F070xB -I"E:/My_Work/20171116_FemtoScience/Plasma_Gen_git/STM32Cube Data/Plasma_Gen_V1.0_20171227/Inc" -I"E:/My_Work/20171116_FemtoScience/Plasma_Gen_git/STM32Cube Data/Plasma_Gen_V1.0_20171227/Drivers/STM32F0xx_HAL_Driver/Inc" -I"E:/My_Work/20171116_FemtoScience/Plasma_Gen_git/STM32Cube Data/Plasma_Gen_V1.0_20171227/Drivers/STM32F0xx_HAL_Driver/Inc/Legacy" -I"E:/My_Work/20171116_FemtoScience/Plasma_Gen_git/STM32Cube Data/Plasma_Gen_V1.0_20171227/Middlewares/Third_Party/FreeRTOS/Source/portable/GCC/ARM_CM0" -I"E:/My_Work/20171116_FemtoScience/Plasma_Gen_git/STM32Cube Data/Plasma_Gen_V1.0_20171227/Drivers/CMSIS/Device/ST/STM32F0xx/Include" -I"E:/My_Work/20171116_FemtoScience/Plasma_Gen_git/STM32Cube Data/Plasma_Gen_V1.0_20171227/Middlewares/Third_Party/FreeRTOS/Source/include" -I"E:/My_Work/20171116_FemtoScience/Plasma_Gen_git/STM32Cube Data/Plasma_Gen_V1.0_20171227/Middlewares/Third_Party/FreeRTOS/Source/CMSIS_RTOS" -I"E:/My_Work/20171116_FemtoScience/Plasma_Gen_git/STM32Cube Data/Plasma_Gen_V1.0_20171227/Drivers/CMSIS/Include"  -Og -g3 -Wall -fmessage-length=0 -ffunction-sections -c -fmessage-length=0 -MMD -MP -MF"Drivers/STM32F0xx_HAL_Driver/stm32f0xx_hal_adc_ex.d" -MT"Drivers/STM32F0xx_HAL_Driver/stm32f0xx_hal_adc_ex.o" -o "Drivers/STM32F0xx_HAL_Driver/stm32f0xx_hal_adc_ex.o" "E:/My_Work/20171116_FemtoScience/Plasma_Gen_git/STM32Cube Data/Plasma_Gen_V1.0_20171227/Drivers/STM32F0xx_HAL_Driver/Src/stm32f0xx_hal_adc_ex.c"
Finished building: E:/My_Work/20171116_FemtoScience/Plasma_Gen_git/STM32Cube Data/Plasma_Gen_V1.0_20171227/Drivers/STM32F0xx_HAL_Driver/Src/stm32f0xx_hal_adc_ex.c
 
Building file: E:/My_Work/20171116_FemtoScience/Plasma_Gen_git/STM32Cube Data/Plasma_Gen_V1.0_20171227/Drivers/STM32F0xx_HAL_Driver/Src/stm32f0xx_hal_cortex.c
Invoking: MCU GCC Compiler
E:\My_Work\20171116_FemtoScience\Plasma_Gen_git\STM32Cube Data\Plasma_Gen_V1.0_20171227\SW4STM32\Plasma_Gen_V1.0_20171227\Debug
arm-none-eabi-gcc -mcpu=cortex-m0 -mthumb -mfloat-abi=soft '-D__weak=__attribute__((weak))' '-D__packed=__attribute__((__packed__))' -DUSE_HAL_DRIVER -DSTM32F070xB -I"E:/My_Work/20171116_FemtoScience/Plasma_Gen_git/STM32Cube Data/Plasma_Gen_V1.0_20171227/Inc" -I"E:/My_Work/20171116_FemtoScience/Plasma_Gen_git/STM32Cube Data/Plasma_Gen_V1.0_20171227/Drivers/STM32F0xx_HAL_Driver/Inc" -I"E:/My_Work/20171116_FemtoScience/Plasma_Gen_git/STM32Cube Data/Plasma_Gen_V1.0_20171227/Drivers/STM32F0xx_HAL_Driver/Inc/Legacy" -I"E:/My_Work/20171116_FemtoScience/Plasma_Gen_git/STM32Cube Data/Plasma_Gen_V1.0_20171227/Middlewares/Third_Party/FreeRTOS/Source/portable/GCC/ARM_CM0" -I"E:/My_Work/20171116_FemtoScience/Plasma_Gen_git/STM32Cube Data/Plasma_Gen_V1.0_20171227/Drivers/CMSIS/Device/ST/STM32F0xx/Include" -I"E:/My_Work/20171116_FemtoScience/Plasma_Gen_git/STM32Cube Data/Plasma_Gen_V1.0_20171227/Middlewares/Third_Party/FreeRTOS/Source/include" -I"E:/My_Work/20171116_FemtoScience/Plasma_Gen_git/STM32Cube Data/Plasma_Gen_V1.0_20171227/Middlewares/Third_Party/FreeRTOS/Source/CMSIS_RTOS" -I"E:/My_Work/20171116_FemtoScience/Plasma_Gen_git/STM32Cube Data/Plasma_Gen_V1.0_20171227/Drivers/CMSIS/Include"  -Og -g3 -Wall -fmessage-length=0 -ffunction-sections -c -fmessage-length=0 -MMD -MP -MF"Drivers/STM32F0xx_HAL_Driver/stm32f0xx_hal_cortex.d" -MT"Drivers/STM32F0xx_HAL_Driver/stm32f0xx_hal_cortex.o" -o "Drivers/STM32F0xx_HAL_Driver/stm32f0xx_hal_cortex.o" "E:/My_Work/20171116_FemtoScience/Plasma_Gen_git/STM32Cube Data/Plasma_Gen_V1.0_20171227/Drivers/STM32F0xx_HAL_Driver/Src/stm32f0xx_hal_cortex.c"
Finished building: E:/My_Work/20171116_FemtoScience/Plasma_Gen_git/STM32Cube Data/Plasma_Gen_V1.0_20171227/Drivers/STM32F0xx_HAL_Driver/Src/stm32f0xx_hal_cortex.c
 
Building file: E:/My_Work/20171116_FemtoScience/Plasma_Gen_git/STM32Cube Data/Plasma_Gen_V1.0_20171227/Drivers/STM32F0xx_HAL_Driver/Src/stm32f0xx_hal_dma.c
Invoking: MCU GCC Compiler
E:\My_Work\20171116_FemtoScience\Plasma_Gen_git\STM32Cube Data\Plasma_Gen_V1.0_20171227\SW4STM32\Plasma_Gen_V1.0_20171227\Debug
arm-none-eabi-gcc -mcpu=cortex-m0 -mthumb -mfloat-abi=soft '-D__weak=__attribute__((weak))' '-D__packed=__attribute__((__packed__))' -DUSE_HAL_DRIVER -DSTM32F070xB -I"E:/My_Work/20171116_FemtoScience/Plasma_Gen_git/STM32Cube Data/Plasma_Gen_V1.0_20171227/Inc" -I"E:/My_Work/20171116_FemtoScience/Plasma_Gen_git/STM32Cube Data/Plasma_Gen_V1.0_20171227/Drivers/STM32F0xx_HAL_Driver/Inc" -I"E:/My_Work/20171116_FemtoScience/Plasma_Gen_git/STM32Cube Data/Plasma_Gen_V1.0_20171227/Drivers/STM32F0xx_HAL_Driver/Inc/Legacy" -I"E:/My_Work/20171116_FemtoScience/Plasma_Gen_git/STM32Cube Data/Plasma_Gen_V1.0_20171227/Middlewares/Third_Party/FreeRTOS/Source/portable/GCC/ARM_CM0" -I"E:/My_Work/20171116_FemtoScience/Plasma_Gen_git/STM32Cube Data/Plasma_Gen_V1.0_20171227/Drivers/CMSIS/Device/ST/STM32F0xx/Include" -I"E:/My_Work/20171116_FemtoScience/Plasma_Gen_git/STM32Cube Data/Plasma_Gen_V1.0_20171227/Middlewares/Third_Party/FreeRTOS/Source/include" -I"E:/My_Work/20171116_FemtoScience/Plasma_Gen_git/STM32Cube Data/Plasma_Gen_V1.0_20171227/Middlewares/Third_Party/FreeRTOS/Source/CMSIS_RTOS" -I"E:/My_Work/20171116_FemtoScience/Plasma_Gen_git/STM32Cube Data/Plasma_Gen_V1.0_20171227/Drivers/CMSIS/Include"  -Og -g3 -Wall -fmessage-length=0 -ffunction-sections -c -fmessage-length=0 -MMD -MP -MF"Drivers/STM32F0xx_HAL_Driver/stm32f0xx_hal_dma.d" -MT"Drivers/STM32F0xx_HAL_Driver/stm32f0xx_hal_dma.o" -o "Drivers/STM32F0xx_HAL_Driver/stm32f0xx_hal_dma.o" "E:/My_Work/20171116_FemtoScience/Plasma_Gen_git/STM32Cube Data/Plasma_Gen_V1.0_20171227/Drivers/STM32F0xx_HAL_Driver/Src/stm32f0xx_hal_dma.c"
Finished building: E:/My_Work/20171116_FemtoScience/Plasma_Gen_git/STM32Cube Data/Plasma_Gen_V1.0_20171227/Drivers/STM32F0xx_HAL_Driver/Src/stm32f0xx_hal_dma.c
 
Building file: E:/My_Work/20171116_FemtoScience/Plasma_Gen_git/STM32Cube Data/Plasma_Gen_V1.0_20171227/Drivers/STM32F0xx_HAL_Driver/Src/stm32f0xx_hal_flash.c
Invoking: MCU GCC Compiler
E:\My_Work\20171116_FemtoScience\Plasma_Gen_git\STM32Cube Data\Plasma_Gen_V1.0_20171227\SW4STM32\Plasma_Gen_V1.0_20171227\Debug
arm-none-eabi-gcc -mcpu=cortex-m0 -mthumb -mfloat-abi=soft '-D__weak=__attribute__((weak))' '-D__packed=__attribute__((__packed__))' -DUSE_HAL_DRIVER -DSTM32F070xB -I"E:/My_Work/20171116_FemtoScience/Plasma_Gen_git/STM32Cube Data/Plasma_Gen_V1.0_20171227/Inc" -I"E:/My_Work/20171116_FemtoScience/Plasma_Gen_git/STM32Cube Data/Plasma_Gen_V1.0_20171227/Drivers/STM32F0xx_HAL_Driver/Inc" -I"E:/My_Work/20171116_FemtoScience/Plasma_Gen_git/STM32Cube Data/Plasma_Gen_V1.0_20171227/Drivers/STM32F0xx_HAL_Driver/Inc/Legacy" -I"E:/My_Work/20171116_FemtoScience/Plasma_Gen_git/STM32Cube Data/Plasma_Gen_V1.0_20171227/Middlewares/Third_Party/FreeRTOS/Source/portable/GCC/ARM_CM0" -I"E:/My_Work/20171116_FemtoScience/Plasma_Gen_git/STM32Cube Data/Plasma_Gen_V1.0_20171227/Drivers/CMSIS/Device/ST/STM32F0xx/Include" -I"E:/My_Work/20171116_FemtoScience/Plasma_Gen_git/STM32Cube Data/Plasma_Gen_V1.0_20171227/Middlewares/Third_Party/FreeRTOS/Source/include" -I"E:/My_Work/20171116_FemtoScience/Plasma_Gen_git/STM32Cube Data/Plasma_Gen_V1.0_20171227/Middlewares/Third_Party/FreeRTOS/Source/CMSIS_RTOS" -I"E:/My_Work/20171116_FemtoScience/Plasma_Gen_git/STM32Cube Data/Plasma_Gen_V1.0_20171227/Drivers/CMSIS/Include"  -Og -g3 -Wall -fmessage-length=0 -ffunction-sections -c -fmessage-length=0 -MMD -MP -MF"Drivers/STM32F0xx_HAL_Driver/stm32f0xx_hal_flash.d" -MT"Drivers/STM32F0xx_HAL_Driver/stm32f0xx_hal_flash.o" -o "Drivers/STM32F0xx_HAL_Driver/stm32f0xx_hal_flash.o" "E:/My_Work/20171116_FemtoScience/Plasma_Gen_git/STM32Cube Data/Plasma_Gen_V1.0_20171227/Drivers/STM32F0xx_HAL_Driver/Src/stm32f0xx_hal_flash.c"
Finished building: E:/My_Work/20171116_FemtoScience/Plasma_Gen_git/STM32Cube Data/Plasma_Gen_V1.0_20171227/Drivers/STM32F0xx_HAL_Driver/Src/stm32f0xx_hal_flash.c
 
Building file: E:/My_Work/20171116_FemtoScience/Plasma_Gen_git/STM32Cube Data/Plasma_Gen_V1.0_20171227/Drivers/STM32F0xx_HAL_Driver/Src/stm32f0xx_hal_flash_ex.c
Invoking: MCU GCC Compiler
E:\My_Work\20171116_FemtoScience\Plasma_Gen_git\STM32Cube Data\Plasma_Gen_V1.0_20171227\SW4STM32\Plasma_Gen_V1.0_20171227\Debug
arm-none-eabi-gcc -mcpu=cortex-m0 -mthumb -mfloat-abi=soft '-D__weak=__attribute__((weak))' '-D__packed=__attribute__((__packed__))' -DUSE_HAL_DRIVER -DSTM32F070xB -I"E:/My_Work/20171116_FemtoScience/Plasma_Gen_git/STM32Cube Data/Plasma_Gen_V1.0_20171227/Inc" -I"E:/My_Work/20171116_FemtoScience/Plasma_Gen_git/STM32Cube Data/Plasma_Gen_V1.0_20171227/Drivers/STM32F0xx_HAL_Driver/Inc" -I"E:/My_Work/20171116_FemtoScience/Plasma_Gen_git/STM32Cube Data/Plasma_Gen_V1.0_20171227/Drivers/STM32F0xx_HAL_Driver/Inc/Legacy" -I"E:/My_Work/20171116_FemtoScience/Plasma_Gen_git/STM32Cube Data/Plasma_Gen_V1.0_20171227/Middlewares/Third_Party/FreeRTOS/Source/portable/GCC/ARM_CM0" -I"E:/My_Work/20171116_FemtoScience/Plasma_Gen_git/STM32Cube Data/Plasma_Gen_V1.0_20171227/Drivers/CMSIS/Device/ST/STM32F0xx/Include" -I"E:/My_Work/20171116_FemtoScience/Plasma_Gen_git/STM32Cube Data/Plasma_Gen_V1.0_20171227/Middlewares/Third_Party/FreeRTOS/Source/include" -I"E:/My_Work/20171116_FemtoScience/Plasma_Gen_git/STM32Cube Data/Plasma_Gen_V1.0_20171227/Middlewares/Third_Party/FreeRTOS/Source/CMSIS_RTOS" -I"E:/My_Work/20171116_FemtoScience/Plasma_Gen_git/STM32Cube Data/Plasma_Gen_V1.0_20171227/Drivers/CMSIS/Include"  -Og -g3 -Wall -fmessage-length=0 -ffunction-sections -c -fmessage-length=0 -MMD -MP -MF"Drivers/STM32F0xx_HAL_Driver/stm32f0xx_hal_flash_ex.d" -MT"Drivers/STM32F0xx_HAL_Driver/stm32f0xx_hal_flash_ex.o" -o "Drivers/STM32F0xx_HAL_Driver/stm32f0xx_hal_flash_ex.o" "E:/My_Work/20171116_FemtoScience/Plasma_Gen_git/STM32Cube Data/Plasma_Gen_V1.0_20171227/Drivers/STM32F0xx_HAL_Driver/Src/stm32f0xx_hal_flash_ex.c"
Finished building: E:/My_Work/20171116_FemtoScience/Plasma_Gen_git/STM32Cube Data/Plasma_Gen_V1.0_20171227/Drivers/STM32F0xx_HAL_Driver/Src/stm32f0xx_hal_flash_ex.c
 
Building file: E:/My_Work/20171116_FemtoScience/Plasma_Gen_git/STM32Cube Data/Plasma_Gen_V1.0_20171227/Drivers/STM32F0xx_HAL_Driver/Src/stm32f0xx_hal_gpio.c
Invoking: MCU GCC Compiler
E:\My_Work\20171116_FemtoScience\Plasma_Gen_git\STM32Cube Data\Plasma_Gen_V1.0_20171227\SW4STM32\Plasma_Gen_V1.0_20171227\Debug
arm-none-eabi-gcc -mcpu=cortex-m0 -mthumb -mfloat-abi=soft '-D__weak=__attribute__((weak))' '-D__packed=__attribute__((__packed__))' -DUSE_HAL_DRIVER -DSTM32F070xB -I"E:/My_Work/20171116_FemtoScience/Plasma_Gen_git/STM32Cube Data/Plasma_Gen_V1.0_20171227/Inc" -I"E:/My_Work/20171116_FemtoScience/Plasma_Gen_git/STM32Cube Data/Plasma_Gen_V1.0_20171227/Drivers/STM32F0xx_HAL_Driver/Inc" -I"E:/My_Work/20171116_FemtoScience/Plasma_Gen_git/STM32Cube Data/Plasma_Gen_V1.0_20171227/Drivers/STM32F0xx_HAL_Driver/Inc/Legacy" -I"E:/My_Work/20171116_FemtoScience/Plasma_Gen_git/STM32Cube Data/Plasma_Gen_V1.0_20171227/Middlewares/Third_Party/FreeRTOS/Source/portable/GCC/ARM_CM0" -I"E:/My_Work/20171116_FemtoScience/Plasma_Gen_git/STM32Cube Data/Plasma_Gen_V1.0_20171227/Drivers/CMSIS/Device/ST/STM32F0xx/Include" -I"E:/My_Work/20171116_FemtoScience/Plasma_Gen_git/STM32Cube Data/Plasma_Gen_V1.0_20171227/Middlewares/Third_Party/FreeRTOS/Source/include" -I"E:/My_Work/20171116_FemtoScience/Plasma_Gen_git/STM32Cube Data/Plasma_Gen_V1.0_20171227/Middlewares/Third_Party/FreeRTOS/Source/CMSIS_RTOS" -I"E:/My_Work/20171116_FemtoScience/Plasma_Gen_git/STM32Cube Data/Plasma_Gen_V1.0_20171227/Drivers/CMSIS/Include"  -Og -g3 -Wall -fmessage-length=0 -ffunction-sections -c -fmessage-length=0 -MMD -MP -MF"Drivers/STM32F0xx_HAL_Driver/stm32f0xx_hal_gpio.d" -MT"Drivers/STM32F0xx_HAL_Driver/stm32f0xx_hal_gpio.o" -o "Drivers/STM32F0xx_HAL_Driver/stm32f0xx_hal_gpio.o" "E:/My_Work/20171116_FemtoScience/Plasma_Gen_git/STM32Cube Data/Plasma_Gen_V1.0_20171227/Drivers/STM32F0xx_HAL_Driver/Src/stm32f0xx_hal_gpio.c"
Finished building: E:/My_Work/20171116_FemtoScience/Plasma_Gen_git/STM32Cube Data/Plasma_Gen_V1.0_20171227/Drivers/STM32F0xx_HAL_Driver/Src/stm32f0xx_hal_gpio.c
 
Building file: E:/My_Work/20171116_FemtoScience/Plasma_Gen_git/STM32Cube Data/Plasma_Gen_V1.0_20171227/Drivers/STM32F0xx_HAL_Driver/Src/stm32f0xx_hal_i2c.c
Invoking: MCU GCC Compiler
E:\My_Work\20171116_FemtoScience\Plasma_Gen_git\STM32Cube Data\Plasma_Gen_V1.0_20171227\SW4STM32\Plasma_Gen_V1.0_20171227\Debug
arm-none-eabi-gcc -mcpu=cortex-m0 -mthumb -mfloat-abi=soft '-D__weak=__attribute__((weak))' '-D__packed=__attribute__((__packed__))' -DUSE_HAL_DRIVER -DSTM32F070xB -I"E:/My_Work/20171116_FemtoScience/Plasma_Gen_git/STM32Cube Data/Plasma_Gen_V1.0_20171227/Inc" -I"E:/My_Work/20171116_FemtoScience/Plasma_Gen_git/STM32Cube Data/Plasma_Gen_V1.0_20171227/Drivers/STM32F0xx_HAL_Driver/Inc" -I"E:/My_Work/20171116_FemtoScience/Plasma_Gen_git/STM32Cube Data/Plasma_Gen_V1.0_20171227/Drivers/STM32F0xx_HAL_Driver/Inc/Legacy" -I"E:/My_Work/20171116_FemtoScience/Plasma_Gen_git/STM32Cube Data/Plasma_Gen_V1.0_20171227/Middlewares/Third_Party/FreeRTOS/Source/portable/GCC/ARM_CM0" -I"E:/My_Work/20171116_FemtoScience/Plasma_Gen_git/STM32Cube Data/Plasma_Gen_V1.0_20171227/Drivers/CMSIS/Device/ST/STM32F0xx/Include" -I"E:/My_Work/20171116_FemtoScience/Plasma_Gen_git/STM32Cube Data/Plasma_Gen_V1.0_20171227/Middlewares/Third_Party/FreeRTOS/Source/include" -I"E:/My_Work/20171116_FemtoScience/Plasma_Gen_git/STM32Cube Data/Plasma_Gen_V1.0_20171227/Middlewares/Third_Party/FreeRTOS/Source/CMSIS_RTOS" -I"E:/My_Work/20171116_FemtoScience/Plasma_Gen_git/STM32Cube Data/Plasma_Gen_V1.0_20171227/Drivers/CMSIS/Include"  -Og -g3 -Wall -fmessage-length=0 -ffunction-sections -c -fmessage-length=0 -MMD -MP -MF"Drivers/STM32F0xx_HAL_Driver/stm32f0xx_hal_i2c.d" -MT"Drivers/STM32F0xx_HAL_Driver/stm32f0xx_hal_i2c.o" -o "Drivers/STM32F0xx_HAL_Driver/stm32f0xx_hal_i2c.o" "E:/My_Work/20171116_FemtoScience/Plasma_Gen_git/STM32Cube Data/Plasma_Gen_V1.0_20171227/Drivers/STM32F0xx_HAL_Driver/Src/stm32f0xx_hal_i2c.c"
Finished building: E:/My_Work/20171116_FemtoScience/Plasma_Gen_git/STM32Cube Data/Plasma_Gen_V1.0_20171227/Drivers/STM32F0xx_HAL_Driver/Src/stm32f0xx_hal_i2c.c
 
Building file: E:/My_Work/20171116_FemtoScience/Plasma_Gen_git/STM32Cube Data/Plasma_Gen_V1.0_20171227/Drivers/STM32F0xx_HAL_Driver/Src/stm32f0xx_hal_i2c_ex.c
Invoking: MCU GCC Compiler
E:\My_Work\20171116_FemtoScience\Plasma_Gen_git\STM32Cube Data\Plasma_Gen_V1.0_20171227\SW4STM32\Plasma_Gen_V1.0_20171227\Debug
arm-none-eabi-gcc -mcpu=cortex-m0 -mthumb -mfloat-abi=soft '-D__weak=__attribute__((weak))' '-D__packed=__attribute__((__packed__))' -DUSE_HAL_DRIVER -DSTM32F070xB -I"E:/My_Work/20171116_FemtoScience/Plasma_Gen_git/STM32Cube Data/Plasma_Gen_V1.0_20171227/Inc" -I"E:/My_Work/20171116_FemtoScience/Plasma_Gen_git/STM32Cube Data/Plasma_Gen_V1.0_20171227/Drivers/STM32F0xx_HAL_Driver/Inc" -I"E:/My_Work/20171116_FemtoScience/Plasma_Gen_git/STM32Cube Data/Plasma_Gen_V1.0_20171227/Drivers/STM32F0xx_HAL_Driver/Inc/Legacy" -I"E:/My_Work/20171116_FemtoScience/Plasma_Gen_git/STM32Cube Data/Plasma_Gen_V1.0_20171227/Middlewares/Third_Party/FreeRTOS/Source/portable/GCC/ARM_CM0" -I"E:/My_Work/20171116_FemtoScience/Plasma_Gen_git/STM32Cube Data/Plasma_Gen_V1.0_20171227/Drivers/CMSIS/Device/ST/STM32F0xx/Include" -I"E:/My_Work/20171116_FemtoScience/Plasma_Gen_git/STM32Cube Data/Plasma_Gen_V1.0_20171227/Middlewares/Third_Party/FreeRTOS/Source/include" -I"E:/My_Work/20171116_FemtoScience/Plasma_Gen_git/STM32Cube Data/Plasma_Gen_V1.0_20171227/Middlewares/Third_Party/FreeRTOS/Source/CMSIS_RTOS" -I"E:/My_Work/20171116_FemtoScience/Plasma_Gen_git/STM32Cube Data/Plasma_Gen_V1.0_20171227/Drivers/CMSIS/Include"  -Og -g3 -Wall -fmessage-length=0 -ffunction-sections -c -fmessage-length=0 -MMD -MP -MF"Drivers/STM32F0xx_HAL_Driver/stm32f0xx_hal_i2c_ex.d" -MT"Drivers/STM32F0xx_HAL_Driver/stm32f0xx_hal_i2c_ex.o" -o "Drivers/STM32F0xx_HAL_Driver/stm32f0xx_hal_i2c_ex.o" "E:/My_Work/20171116_FemtoScience/Plasma_Gen_git/STM32Cube Data/Plasma_Gen_V1.0_20171227/Drivers/STM32F0xx_HAL_Driver/Src/stm32f0xx_hal_i2c_ex.c"
Finished building: E:/My_Work/20171116_FemtoScience/Plasma_Gen_git/STM32Cube Data/Plasma_Gen_V1.0_20171227/Drivers/STM32F0xx_HAL_Driver/Src/stm32f0xx_hal_i2c_ex.c
 
Building file: E:/My_Work/20171116_FemtoScience/Plasma_Gen_git/STM32Cube Data/Plasma_Gen_V1.0_20171227/Drivers/STM32F0xx_HAL_Driver/Src/stm32f0xx_hal_pwr.c
Invoking: MCU GCC Compiler
E:\My_Work\20171116_FemtoScience\Plasma_Gen_git\STM32Cube Data\Plasma_Gen_V1.0_20171227\SW4STM32\Plasma_Gen_V1.0_20171227\Debug
arm-none-eabi-gcc -mcpu=cortex-m0 -mthumb -mfloat-abi=soft '-D__weak=__attribute__((weak))' '-D__packed=__attribute__((__packed__))' -DUSE_HAL_DRIVER -DSTM32F070xB -I"E:/My_Work/20171116_FemtoScience/Plasma_Gen_git/STM32Cube Data/Plasma_Gen_V1.0_20171227/Inc" -I"E:/My_Work/20171116_FemtoScience/Plasma_Gen_git/STM32Cube Data/Plasma_Gen_V1.0_20171227/Drivers/STM32F0xx_HAL_Driver/Inc" -I"E:/My_Work/20171116_FemtoScience/Plasma_Gen_git/STM32Cube Data/Plasma_Gen_V1.0_20171227/Drivers/STM32F0xx_HAL_Driver/Inc/Legacy" -I"E:/My_Work/20171116_FemtoScience/Plasma_Gen_git/STM32Cube Data/Plasma_Gen_V1.0_20171227/Middlewares/Third_Party/FreeRTOS/Source/portable/GCC/ARM_CM0" -I"E:/My_Work/20171116_FemtoScience/Plasma_Gen_git/STM32Cube Data/Plasma_Gen_V1.0_20171227/Drivers/CMSIS/Device/ST/STM32F0xx/Include" -I"E:/My_Work/20171116_FemtoScience/Plasma_Gen_git/STM32Cube Data/Plasma_Gen_V1.0_20171227/Middlewares/Third_Party/FreeRTOS/Source/include" -I"E:/My_Work/20171116_FemtoScience/Plasma_Gen_git/STM32Cube Data/Plasma_Gen_V1.0_20171227/Middlewares/Third_Party/FreeRTOS/Source/CMSIS_RTOS" -I"E:/My_Work/20171116_FemtoScience/Plasma_Gen_git/STM32Cube Data/Plasma_Gen_V1.0_20171227/Drivers/CMSIS/Include"  -Og -g3 -Wall -fmessage-length=0 -ffunction-sections -c -fmessage-length=0 -MMD -MP -MF"Drivers/STM32F0xx_HAL_Driver/stm32f0xx_hal_pwr.d" -MT"Drivers/STM32F0xx_HAL_Driver/stm32f0xx_hal_pwr.o" -o "Drivers/STM32F0xx_HAL_Driver/stm32f0xx_hal_pwr.o" "E:/My_Work/20171116_FemtoScience/Plasma_Gen_git/STM32Cube Data/Plasma_Gen_V1.0_20171227/Drivers/STM32F0xx_HAL_Driver/Src/stm32f0xx_hal_pwr.c"
Finished building: E:/My_Work/20171116_FemtoScience/Plasma_Gen_git/STM32Cube Data/Plasma_Gen_V1.0_20171227/Drivers/STM32F0xx_HAL_Driver/Src/stm32f0xx_hal_pwr.c
 
Building file: E:/My_Work/20171116_FemtoScience/Plasma_Gen_git/STM32Cube Data/Plasma_Gen_V1.0_20171227/Drivers/STM32F0xx_HAL_Driver/Src/stm32f0xx_hal_pwr_ex.c
Invoking: MCU GCC Compiler
E:\My_Work\20171116_FemtoScience\Plasma_Gen_git\STM32Cube Data\Plasma_Gen_V1.0_20171227\SW4STM32\Plasma_Gen_V1.0_20171227\Debug
arm-none-eabi-gcc -mcpu=cortex-m0 -mthumb -mfloat-abi=soft '-D__weak=__attribute__((weak))' '-D__packed=__attribute__((__packed__))' -DUSE_HAL_DRIVER -DSTM32F070xB -I"E:/My_Work/20171116_FemtoScience/Plasma_Gen_git/STM32Cube Data/Plasma_Gen_V1.0_20171227/Inc" -I"E:/My_Work/20171116_FemtoScience/Plasma_Gen_git/STM32Cube Data/Plasma_Gen_V1.0_20171227/Drivers/STM32F0xx_HAL_Driver/Inc" -I"E:/My_Work/20171116_FemtoScience/Plasma_Gen_git/STM32Cube Data/Plasma_Gen_V1.0_20171227/Drivers/STM32F0xx_HAL_Driver/Inc/Legacy" -I"E:/My_Work/20171116_FemtoScience/Plasma_Gen_git/STM32Cube Data/Plasma_Gen_V1.0_20171227/Middlewares/Third_Party/FreeRTOS/Source/portable/GCC/ARM_CM0" -I"E:/My_Work/20171116_FemtoScience/Plasma_Gen_git/STM32Cube Data/Plasma_Gen_V1.0_20171227/Drivers/CMSIS/Device/ST/STM32F0xx/Include" -I"E:/My_Work/20171116_FemtoScience/Plasma_Gen_git/STM32Cube Data/Plasma_Gen_V1.0_20171227/Middlewares/Third_Party/FreeRTOS/Source/include" -I"E:/My_Work/20171116_FemtoScience/Plasma_Gen_git/STM32Cube Data/Plasma_Gen_V1.0_20171227/Middlewares/Third_Party/FreeRTOS/Source/CMSIS_RTOS" -I"E:/My_Work/20171116_FemtoScience/Plasma_Gen_git/STM32Cube Data/Plasma_Gen_V1.0_20171227/Drivers/CMSIS/Include"  -Og -g3 -Wall -fmessage-length=0 -ffunction-sections -c -fmessage-length=0 -MMD -MP -MF"Drivers/STM32F0xx_HAL_Driver/stm32f0xx_hal_pwr_ex.d" -MT"Drivers/STM32F0xx_HAL_Driver/stm32f0xx_hal_pwr_ex.o" -o "Drivers/STM32F0xx_HAL_Driver/stm32f0xx_hal_pwr_ex.o" "E:/My_Work/20171116_FemtoScience/Plasma_Gen_git/STM32Cube Data/Plasma_Gen_V1.0_20171227/Drivers/STM32F0xx_HAL_Driver/Src/stm32f0xx_hal_pwr_ex.c"
Finished building: E:/My_Work/20171116_FemtoScience/Plasma_Gen_git/STM32Cube Data/Plasma_Gen_V1.0_20171227/Drivers/STM32F0xx_HAL_Driver/Src/stm32f0xx_hal_pwr_ex.c
 
Building file: E:/My_Work/20171116_FemtoScience/Plasma_Gen_git/STM32Cube Data/Plasma_Gen_V1.0_20171227/Drivers/STM32F0xx_HAL_Driver/Src/stm32f0xx_hal_rcc.c
Invoking: MCU GCC Compiler
E:\My_Work\20171116_FemtoScience\Plasma_Gen_git\STM32Cube Data\Plasma_Gen_V1.0_20171227\SW4STM32\Plasma_Gen_V1.0_20171227\Debug
arm-none-eabi-gcc -mcpu=cortex-m0 -mthumb -mfloat-abi=soft '-D__weak=__attribute__((weak))' '-D__packed=__attribute__((__packed__))' -DUSE_HAL_DRIVER -DSTM32F070xB -I"E:/My_Work/20171116_FemtoScience/Plasma_Gen_git/STM32Cube Data/Plasma_Gen_V1.0_20171227/Inc" -I"E:/My_Work/20171116_FemtoScience/Plasma_Gen_git/STM32Cube Data/Plasma_Gen_V1.0_20171227/Drivers/STM32F0xx_HAL_Driver/Inc" -I"E:/My_Work/20171116_FemtoScience/Plasma_Gen_git/STM32Cube Data/Plasma_Gen_V1.0_20171227/Drivers/STM32F0xx_HAL_Driver/Inc/Legacy" -I"E:/My_Work/20171116_FemtoScience/Plasma_Gen_git/STM32Cube Data/Plasma_Gen_V1.0_20171227/Middlewares/Third_Party/FreeRTOS/Source/portable/GCC/ARM_CM0" -I"E:/My_Work/20171116_FemtoScience/Plasma_Gen_git/STM32Cube Data/Plasma_Gen_V1.0_20171227/Drivers/CMSIS/Device/ST/STM32F0xx/Include" -I"E:/My_Work/20171116_FemtoScience/Plasma_Gen_git/STM32Cube Data/Plasma_Gen_V1.0_20171227/Middlewares/Third_Party/FreeRTOS/Source/include" -I"E:/My_Work/20171116_FemtoScience/Plasma_Gen_git/STM32Cube Data/Plasma_Gen_V1.0_20171227/Middlewares/Third_Party/FreeRTOS/Source/CMSIS_RTOS" -I"E:/My_Work/20171116_FemtoScience/Plasma_Gen_git/STM32Cube Data/Plasma_Gen_V1.0_20171227/Drivers/CMSIS/Include"  -Og -g3 -Wall -fmessage-length=0 -ffunction-sections -c -fmessage-length=0 -MMD -MP -MF"Drivers/STM32F0xx_HAL_Driver/stm32f0xx_hal_rcc.d" -MT"Drivers/STM32F0xx_HAL_Driver/stm32f0xx_hal_rcc.o" -o "Drivers/STM32F0xx_HAL_Driver/stm32f0xx_hal_rcc.o" "E:/My_Work/20171116_FemtoScience/Plasma_Gen_git/STM32Cube Data/Plasma_Gen_V1.0_20171227/Drivers/STM32F0xx_HAL_Driver/Src/stm32f0xx_hal_rcc.c"
Finished building: E:/My_Work/20171116_FemtoScience/Plasma_Gen_git/STM32Cube Data/Plasma_Gen_V1.0_20171227/Drivers/STM32F0xx_HAL_Driver/Src/stm32f0xx_hal_rcc.c
 
Building file: E:/My_Work/20171116_FemtoScience/Plasma_Gen_git/STM32Cube Data/Plasma_Gen_V1.0_20171227/Drivers/STM32F0xx_HAL_Driver/Src/stm32f0xx_hal_rcc_ex.c
Invoking: MCU GCC Compiler
E:\My_Work\20171116_FemtoScience\Plasma_Gen_git\STM32Cube Data\Plasma_Gen_V1.0_20171227\SW4STM32\Plasma_Gen_V1.0_20171227\Debug
arm-none-eabi-gcc -mcpu=cortex-m0 -mthumb -mfloat-abi=soft '-D__weak=__attribute__((weak))' '-D__packed=__attribute__((__packed__))' -DUSE_HAL_DRIVER -DSTM32F070xB -I"E:/My_Work/20171116_FemtoScience/Plasma_Gen_git/STM32Cube Data/Plasma_Gen_V1.0_20171227/Inc" -I"E:/My_Work/20171116_FemtoScience/Plasma_Gen_git/STM32Cube Data/Plasma_Gen_V1.0_20171227/Drivers/STM32F0xx_HAL_Driver/Inc" -I"E:/My_Work/20171116_FemtoScience/Plasma_Gen_git/STM32Cube Data/Plasma_Gen_V1.0_20171227/Drivers/STM32F0xx_HAL_Driver/Inc/Legacy" -I"E:/My_Work/20171116_FemtoScience/Plasma_Gen_git/STM32Cube Data/Plasma_Gen_V1.0_20171227/Middlewares/Third_Party/FreeRTOS/Source/portable/GCC/ARM_CM0" -I"E:/My_Work/20171116_FemtoScience/Plasma_Gen_git/STM32Cube Data/Plasma_Gen_V1.0_20171227/Drivers/CMSIS/Device/ST/STM32F0xx/Include" -I"E:/My_Work/20171116_FemtoScience/Plasma_Gen_git/STM32Cube Data/Plasma_Gen_V1.0_20171227/Middlewares/Third_Party/FreeRTOS/Source/include" -I"E:/My_Work/20171116_FemtoScience/Plasma_Gen_git/STM32Cube Data/Plasma_Gen_V1.0_20171227/Middlewares/Third_Party/FreeRTOS/Source/CMSIS_RTOS" -I"E:/My_Work/20171116_FemtoScience/Plasma_Gen_git/STM32Cube Data/Plasma_Gen_V1.0_20171227/Drivers/CMSIS/Include"  -Og -g3 -Wall -fmessage-length=0 -ffunction-sections -c -fmessage-length=0 -MMD -MP -MF"Drivers/STM32F0xx_HAL_Driver/stm32f0xx_hal_rcc_ex.d" -MT"Drivers/STM32F0xx_HAL_Driver/stm32f0xx_hal_rcc_ex.o" -o "Drivers/STM32F0xx_HAL_Driver/stm32f0xx_hal_rcc_ex.o" "E:/My_Work/20171116_FemtoScience/Plasma_Gen_git/STM32Cube Data/Plasma_Gen_V1.0_20171227/Drivers/STM32F0xx_HAL_Driver/Src/stm32f0xx_hal_rcc_ex.c"
Finished building: E:/My_Work/20171116_FemtoScience/Plasma_Gen_git/STM32Cube Data/Plasma_Gen_V1.0_20171227/Drivers/STM32F0xx_HAL_Driver/Src/stm32f0xx_hal_rcc_ex.c
 
Building file: E:/My_Work/20171116_FemtoScience/Plasma_Gen_git/STM32Cube Data/Plasma_Gen_V1.0_20171227/Drivers/STM32F0xx_HAL_Driver/Src/stm32f0xx_hal_tim.c
Invoking: MCU GCC Compiler
E:\My_Work\20171116_FemtoScience\Plasma_Gen_git\STM32Cube Data\Plasma_Gen_V1.0_20171227\SW4STM32\Plasma_Gen_V1.0_20171227\Debug
arm-none-eabi-gcc -mcpu=cortex-m0 -mthumb -mfloat-abi=soft '-D__weak=__attribute__((weak))' '-D__packed=__attribute__((__packed__))' -DUSE_HAL_DRIVER -DSTM32F070xB -I"E:/My_Work/20171116_FemtoScience/Plasma_Gen_git/STM32Cube Data/Plasma_Gen_V1.0_20171227/Inc" -I"E:/My_Work/20171116_FemtoScience/Plasma_Gen_git/STM32Cube Data/Plasma_Gen_V1.0_20171227/Drivers/STM32F0xx_HAL_Driver/Inc" -I"E:/My_Work/20171116_FemtoScience/Plasma_Gen_git/STM32Cube Data/Plasma_Gen_V1.0_20171227/Drivers/STM32F0xx_HAL_Driver/Inc/Legacy" -I"E:/My_Work/20171116_FemtoScience/Plasma_Gen_git/STM32Cube Data/Plasma_Gen_V1.0_20171227/Middlewares/Third_Party/FreeRTOS/Source/portable/GCC/ARM_CM0" -I"E:/My_Work/20171116_FemtoScience/Plasma_Gen_git/STM32Cube Data/Plasma_Gen_V1.0_20171227/Drivers/CMSIS/Device/ST/STM32F0xx/Include" -I"E:/My_Work/20171116_FemtoScience/Plasma_Gen_git/STM32Cube Data/Plasma_Gen_V1.0_20171227/Middlewares/Third_Party/FreeRTOS/Source/include" -I"E:/My_Work/20171116_FemtoScience/Plasma_Gen_git/STM32Cube Data/Plasma_Gen_V1.0_20171227/Middlewares/Third_Party/FreeRTOS/Source/CMSIS_RTOS" -I"E:/My_Work/20171116_FemtoScience/Plasma_Gen_git/STM32Cube Data/Plasma_Gen_V1.0_20171227/Drivers/CMSIS/Include"  -Og -g3 -Wall -fmessage-length=0 -ffunction-sections -c -fmessage-length=0 -MMD -MP -MF"Drivers/STM32F0xx_HAL_Driver/stm32f0xx_hal_tim.d" -MT"Drivers/STM32F0xx_HAL_Driver/stm32f0xx_hal_tim.o" -o "Drivers/STM32F0xx_HAL_Driver/stm32f0xx_hal_tim.o" "E:/My_Work/20171116_FemtoScience/Plasma_Gen_git/STM32Cube Data/Plasma_Gen_V1.0_20171227/Drivers/STM32F0xx_HAL_Driver/Src/stm32f0xx_hal_tim.c"
Finished building: E:/My_Work/20171116_FemtoScience/Plasma_Gen_git/STM32Cube Data/Plasma_Gen_V1.0_20171227/Drivers/STM32F0xx_HAL_Driver/Src/stm32f0xx_hal_tim.c
 
Building file: E:/My_Work/20171116_FemtoScience/Plasma_Gen_git/STM32Cube Data/Plasma_Gen_V1.0_20171227/Drivers/STM32F0xx_HAL_Driver/Src/stm32f0xx_hal_tim_ex.c
Invoking: MCU GCC Compiler
E:\My_Work\20171116_FemtoScience\Plasma_Gen_git\STM32Cube Data\Plasma_Gen_V1.0_20171227\SW4STM32\Plasma_Gen_V1.0_20171227\Debug
arm-none-eabi-gcc -mcpu=cortex-m0 -mthumb -mfloat-abi=soft '-D__weak=__attribute__((weak))' '-D__packed=__attribute__((__packed__))' -DUSE_HAL_DRIVER -DSTM32F070xB -I"E:/My_Work/20171116_FemtoScience/Plasma_Gen_git/STM32Cube Data/Plasma_Gen_V1.0_20171227/Inc" -I"E:/My_Work/20171116_FemtoScience/Plasma_Gen_git/STM32Cube Data/Plasma_Gen_V1.0_20171227/Drivers/STM32F0xx_HAL_Driver/Inc" -I"E:/My_Work/20171116_FemtoScience/Plasma_Gen_git/STM32Cube Data/Plasma_Gen_V1.0_20171227/Drivers/STM32F0xx_HAL_Driver/Inc/Legacy" -I"E:/My_Work/20171116_FemtoScience/Plasma_Gen_git/STM32Cube Data/Plasma_Gen_V1.0_20171227/Middlewares/Third_Party/FreeRTOS/Source/portable/GCC/ARM_CM0" -I"E:/My_Work/20171116_FemtoScience/Plasma_Gen_git/STM32Cube Data/Plasma_Gen_V1.0_20171227/Drivers/CMSIS/Device/ST/STM32F0xx/Include" -I"E:/My_Work/20171116_FemtoScience/Plasma_Gen_git/STM32Cube Data/Plasma_Gen_V1.0_20171227/Middlewares/Third_Party/FreeRTOS/Source/include" -I"E:/My_Work/20171116_FemtoScience/Plasma_Gen_git/STM32Cube Data/Plasma_Gen_V1.0_20171227/Middlewares/Third_Party/FreeRTOS/Source/CMSIS_RTOS" -I"E:/My_Work/20171116_FemtoScience/Plasma_Gen_git/STM32Cube Data/Plasma_Gen_V1.0_20171227/Drivers/CMSIS/Include"  -Og -g3 -Wall -fmessage-length=0 -ffunction-sections -c -fmessage-length=0 -MMD -MP -MF"Drivers/STM32F0xx_HAL_Driver/stm32f0xx_hal_tim_ex.d" -MT"Drivers/STM32F0xx_HAL_Driver/stm32f0xx_hal_tim_ex.o" -o "Drivers/STM32F0xx_HAL_Driver/stm32f0xx_hal_tim_ex.o" "E:/My_Work/20171116_FemtoScience/Plasma_Gen_git/STM32Cube Data/Plasma_Gen_V1.0_20171227/Drivers/STM32F0xx_HAL_Driver/Src/stm32f0xx_hal_tim_ex.c"
Finished building: E:/My_Work/20171116_FemtoScience/Plasma_Gen_git/STM32Cube Data/Plasma_Gen_V1.0_20171227/Drivers/STM32F0xx_HAL_Driver/Src/stm32f0xx_hal_tim_ex.c
 
Building file: E:/My_Work/20171116_FemtoScience/Plasma_Gen_git/STM32Cube Data/Plasma_Gen_V1.0_20171227/Drivers/STM32F0xx_HAL_Driver/Src/stm32f0xx_hal_uart.c
Invoking: MCU GCC Compiler
E:\My_Work\20171116_FemtoScience\Plasma_Gen_git\STM32Cube Data\Plasma_Gen_V1.0_20171227\SW4STM32\Plasma_Gen_V1.0_20171227\Debug
arm-none-eabi-gcc -mcpu=cortex-m0 -mthumb -mfloat-abi=soft '-D__weak=__attribute__((weak))' '-D__packed=__attribute__((__packed__))' -DUSE_HAL_DRIVER -DSTM32F070xB -I"E:/My_Work/20171116_FemtoScience/Plasma_Gen_git/STM32Cube Data/Plasma_Gen_V1.0_20171227/Inc" -I"E:/My_Work/20171116_FemtoScience/Plasma_Gen_git/STM32Cube Data/Plasma_Gen_V1.0_20171227/Drivers/STM32F0xx_HAL_Driver/Inc" -I"E:/My_Work/20171116_FemtoScience/Plasma_Gen_git/STM32Cube Data/Plasma_Gen_V1.0_20171227/Drivers/STM32F0xx_HAL_Driver/Inc/Legacy" -I"E:/My_Work/20171116_FemtoScience/Plasma_Gen_git/STM32Cube Data/Plasma_Gen_V1.0_20171227/Middlewares/Third_Party/FreeRTOS/Source/portable/GCC/ARM_CM0" -I"E:/My_Work/20171116_FemtoScience/Plasma_Gen_git/STM32Cube Data/Plasma_Gen_V1.0_20171227/Drivers/CMSIS/Device/ST/STM32F0xx/Include" -I"E:/My_Work/20171116_FemtoScience/Plasma_Gen_git/STM32Cube Data/Plasma_Gen_V1.0_20171227/Middlewares/Third_Party/FreeRTOS/Source/include" -I"E:/My_Work/20171116_FemtoScience/Plasma_Gen_git/STM32Cube Data/Plasma_Gen_V1.0_20171227/Middlewares/Third_Party/FreeRTOS/Source/CMSIS_RTOS" -I"E:/My_Work/20171116_FemtoScience/Plasma_Gen_git/STM32Cube Data/Plasma_Gen_V1.0_20171227/Drivers/CMSIS/Include"  -Og -g3 -Wall -fmessage-length=0 -ffunction-sections -c -fmessage-length=0 -MMD -MP -MF"Drivers/STM32F0xx_HAL_Driver/stm32f0xx_hal_uart.d" -MT"Drivers/STM32F0xx_HAL_Driver/stm32f0xx_hal_uart.o" -o "Drivers/STM32F0xx_HAL_Driver/stm32f0xx_hal_uart.o" "E:/My_Work/20171116_FemtoScience/Plasma_Gen_git/STM32Cube Data/Plasma_Gen_V1.0_20171227/Drivers/STM32F0xx_HAL_Driver/Src/stm32f0xx_hal_uart.c"
Finished building: E:/My_Work/20171116_FemtoScience/Plasma_Gen_git/STM32Cube Data/Plasma_Gen_V1.0_20171227/Drivers/STM32F0xx_HAL_Driver/Src/stm32f0xx_hal_uart.c
 
Building file: E:/My_Work/20171116_FemtoScience/Plasma_Gen_git/STM32Cube Data/Plasma_Gen_V1.0_20171227/Drivers/STM32F0xx_HAL_Driver/Src/stm32f0xx_hal_uart_ex.c
Invoking: MCU GCC Compiler
E:\My_Work\20171116_FemtoScience\Plasma_Gen_git\STM32Cube Data\Plasma_Gen_V1.0_20171227\SW4STM32\Plasma_Gen_V1.0_20171227\Debug
arm-none-eabi-gcc -mcpu=cortex-m0 -mthumb -mfloat-abi=soft '-D__weak=__attribute__((weak))' '-D__packed=__attribute__((__packed__))' -DUSE_HAL_DRIVER -DSTM32F070xB -I"E:/My_Work/20171116_FemtoScience/Plasma_Gen_git/STM32Cube Data/Plasma_Gen_V1.0_20171227/Inc" -I"E:/My_Work/20171116_FemtoScience/Plasma_Gen_git/STM32Cube Data/Plasma_Gen_V1.0_20171227/Drivers/STM32F0xx_HAL_Driver/Inc" -I"E:/My_Work/20171116_FemtoScience/Plasma_Gen_git/STM32Cube Data/Plasma_Gen_V1.0_20171227/Drivers/STM32F0xx_HAL_Driver/Inc/Legacy" -I"E:/My_Work/20171116_FemtoScience/Plasma_Gen_git/STM32Cube Data/Plasma_Gen_V1.0_20171227/Middlewares/Third_Party/FreeRTOS/Source/portable/GCC/ARM_CM0" -I"E:/My_Work/20171116_FemtoScience/Plasma_Gen_git/STM32Cube Data/Plasma_Gen_V1.0_20171227/Drivers/CMSIS/Device/ST/STM32F0xx/Include" -I"E:/My_Work/20171116_FemtoScience/Plasma_Gen_git/STM32Cube Data/Plasma_Gen_V1.0_20171227/Middlewares/Third_Party/FreeRTOS/Source/include" -I"E:/My_Work/20171116_FemtoScience/Plasma_Gen_git/STM32Cube Data/Plasma_Gen_V1.0_20171227/Middlewares/Third_Party/FreeRTOS/Source/CMSIS_RTOS" -I"E:/My_Work/20171116_FemtoScience/Plasma_Gen_git/STM32Cube Data/Plasma_Gen_V1.0_20171227/Drivers/CMSIS/Include"  -Og -g3 -Wall -fmessage-length=0 -ffunction-sections -c -fmessage-length=0 -MMD -MP -MF"Drivers/STM32F0xx_HAL_Driver/stm32f0xx_hal_uart_ex.d" -MT"Drivers/STM32F0xx_HAL_Driver/stm32f0xx_hal_uart_ex.o" -o "Drivers/STM32F0xx_HAL_Driver/stm32f0xx_hal_uart_ex.o" "E:/My_Work/20171116_FemtoScience/Plasma_Gen_git/STM32Cube Data/Plasma_Gen_V1.0_20171227/Drivers/STM32F0xx_HAL_Driver/Src/stm32f0xx_hal_uart_ex.c"
Finished building: E:/My_Work/20171116_FemtoScience/Plasma_Gen_git/STM32Cube Data/Plasma_Gen_V1.0_20171227/Drivers/STM32F0xx_HAL_Driver/Src/stm32f0xx_hal_uart_ex.c
 
Building file: E:/My_Work/20171116_FemtoScience/Plasma_Gen_git/STM32Cube Data/Plasma_Gen_V1.0_20171227/Src/system_stm32f0xx.c
Invoking: MCU GCC Compiler
E:\My_Work\20171116_FemtoScience\Plasma_Gen_git\STM32Cube Data\Plasma_Gen_V1.0_20171227\SW4STM32\Plasma_Gen_V1.0_20171227\Debug
arm-none-eabi-gcc -mcpu=cortex-m0 -mthumb -mfloat-abi=soft '-D__weak=__attribute__((weak))' '-D__packed=__attribute__((__packed__))' -DUSE_HAL_DRIVER -DSTM32F070xB -I"E:/My_Work/20171116_FemtoScience/Plasma_Gen_git/STM32Cube Data/Plasma_Gen_V1.0_20171227/Inc" -I"E:/My_Work/20171116_FemtoScience/Plasma_Gen_git/STM32Cube Data/Plasma_Gen_V1.0_20171227/Drivers/STM32F0xx_HAL_Driver/Inc" -I"E:/My_Work/20171116_FemtoScience/Plasma_Gen_git/STM32Cube Data/Plasma_Gen_V1.0_20171227/Drivers/STM32F0xx_HAL_Driver/Inc/Legacy" -I"E:/My_Work/20171116_FemtoScience/Plasma_Gen_git/STM32Cube Data/Plasma_Gen_V1.0_20171227/Middlewares/Third_Party/FreeRTOS/Source/portable/GCC/ARM_CM0" -I"E:/My_Work/20171116_FemtoScience/Plasma_Gen_git/STM32Cube Data/Plasma_Gen_V1.0_20171227/Drivers/CMSIS/Device/ST/STM32F0xx/Include" -I"E:/My_Work/20171116_FemtoScience/Plasma_Gen_git/STM32Cube Data/Plasma_Gen_V1.0_20171227/Middlewares/Third_Party/FreeRTOS/Source/include" -I"E:/My_Work/20171116_FemtoScience/Plasma_Gen_git/STM32Cube Data/Plasma_Gen_V1.0_20171227/Middlewares/Third_Party/FreeRTOS/Source/CMSIS_RTOS" -I"E:/My_Work/20171116_FemtoScience/Plasma_Gen_git/STM32Cube Data/Plasma_Gen_V1.0_20171227/Drivers/CMSIS/Include"  -Og -g3 -Wall -fmessage-length=0 -ffunction-sections -c -fmessage-length=0 -MMD -MP -MF"Drivers/CMSIS/system_stm32f0xx.d" -MT"Drivers/CMSIS/system_stm32f0xx.o" -o "Drivers/CMSIS/system_stm32f0xx.o" "E:/My_Work/20171116_FemtoScience/Plasma_Gen_git/STM32Cube Data/Plasma_Gen_V1.0_20171227/Src/system_stm32f0xx.c"
Finished building: E:/My_Work/20171116_FemtoScience/Plasma_Gen_git/STM32Cube Data/Plasma_Gen_V1.0_20171227/Src/system_stm32f0xx.c
 
Building file: E:/My_Work/20171116_FemtoScience/Plasma_Gen_git/STM32Cube Data/Plasma_Gen_V1.0_20171227/Src/adc.c
Invoking: MCU GCC Compiler
E:\My_Work\20171116_FemtoScience\Plasma_Gen_git\STM32Cube Data\Plasma_Gen_V1.0_20171227\SW4STM32\Plasma_Gen_V1.0_20171227\Debug
arm-none-eabi-gcc -mcpu=cortex-m0 -mthumb -mfloat-abi=soft '-D__weak=__attribute__((weak))' '-D__packed=__attribute__((__packed__))' -DUSE_HAL_DRIVER -DSTM32F070xB -I"E:/My_Work/20171116_FemtoScience/Plasma_Gen_git/STM32Cube Data/Plasma_Gen_V1.0_20171227/Inc" -I"E:/My_Work/20171116_FemtoScience/Plasma_Gen_git/STM32Cube Data/Plasma_Gen_V1.0_20171227/Drivers/STM32F0xx_HAL_Driver/Inc" -I"E:/My_Work/20171116_FemtoScience/Plasma_Gen_git/STM32Cube Data/Plasma_Gen_V1.0_20171227/Drivers/STM32F0xx_HAL_Driver/Inc/Legacy" -I"E:/My_Work/20171116_FemtoScience/Plasma_Gen_git/STM32Cube Data/Plasma_Gen_V1.0_20171227/Middlewares/Third_Party/FreeRTOS/Source/portable/GCC/ARM_CM0" -I"E:/My_Work/20171116_FemtoScience/Plasma_Gen_git/STM32Cube Data/Plasma_Gen_V1.0_20171227/Drivers/CMSIS/Device/ST/STM32F0xx/Include" -I"E:/My_Work/20171116_FemtoScience/Plasma_Gen_git/STM32Cube Data/Plasma_Gen_V1.0_20171227/Middlewares/Third_Party/FreeRTOS/Source/include" -I"E:/My_Work/20171116_FemtoScience/Plasma_Gen_git/STM32Cube Data/Plasma_Gen_V1.0_20171227/Middlewares/Third_Party/FreeRTOS/Source/CMSIS_RTOS" -I"E:/My_Work/20171116_FemtoScience/Plasma_Gen_git/STM32Cube Data/Plasma_Gen_V1.0_20171227/Drivers/CMSIS/Include"  -Og -g3 -Wall -fmessage-length=0 -ffunction-sections -c -fmessage-length=0 -MMD -MP -MF"Application/User/adc.d" -MT"Application/User/adc.o" -o "Application/User/adc.o" "E:/My_Work/20171116_FemtoScience/Plasma_Gen_git/STM32Cube Data/Plasma_Gen_V1.0_20171227/Src/adc.c"
Finished building: E:/My_Work/20171116_FemtoScience/Plasma_Gen_git/STM32Cube Data/Plasma_Gen_V1.0_20171227/Src/adc.c
 
Building file: E:/My_Work/20171116_FemtoScience/Plasma_Gen_git/STM32Cube Data/Plasma_Gen_V1.0_20171227/Src/freertos.c
Invoking: MCU GCC Compiler
E:\My_Work\20171116_FemtoScience\Plasma_Gen_git\STM32Cube Data\Plasma_Gen_V1.0_20171227\SW4STM32\Plasma_Gen_V1.0_20171227\Debug
arm-none-eabi-gcc -mcpu=cortex-m0 -mthumb -mfloat-abi=soft '-D__weak=__attribute__((weak))' '-D__packed=__attribute__((__packed__))' -DUSE_HAL_DRIVER -DSTM32F070xB -I"E:/My_Work/20171116_FemtoScience/Plasma_Gen_git/STM32Cube Data/Plasma_Gen_V1.0_20171227/Inc" -I"E:/My_Work/20171116_FemtoScience/Plasma_Gen_git/STM32Cube Data/Plasma_Gen_V1.0_20171227/Drivers/STM32F0xx_HAL_Driver/Inc" -I"E:/My_Work/20171116_FemtoScience/Plasma_Gen_git/STM32Cube Data/Plasma_Gen_V1.0_20171227/Drivers/STM32F0xx_HAL_Driver/Inc/Legacy" -I"E:/My_Work/20171116_FemtoScience/Plasma_Gen_git/STM32Cube Data/Plasma_Gen_V1.0_20171227/Middlewares/Third_Party/FreeRTOS/Source/portable/GCC/ARM_CM0" -I"E:/My_Work/20171116_FemtoScience/Plasma_Gen_git/STM32Cube Data/Plasma_Gen_V1.0_20171227/Drivers/CMSIS/Device/ST/STM32F0xx/Include" -I"E:/My_Work/20171116_FemtoScience/Plasma_Gen_git/STM32Cube Data/Plasma_Gen_V1.0_20171227/Middlewares/Third_Party/FreeRTOS/Source/include" -I"E:/My_Work/20171116_FemtoScience/Plasma_Gen_git/STM32Cube Data/Plasma_Gen_V1.0_20171227/Middlewares/Third_Party/FreeRTOS/Source/CMSIS_RTOS" -I"E:/My_Work/20171116_FemtoScience/Plasma_Gen_git/STM32Cube Data/Plasma_Gen_V1.0_20171227/Drivers/CMSIS/Include"  -Og -g3 -Wall -fmessage-length=0 -ffunction-sections -c -fmessage-length=0 -MMD -MP -MF"Application/User/freertos.d" -MT"Application/User/freertos.o" -o "Application/User/freertos.o" "E:/My_Work/20171116_FemtoScience/Plasma_Gen_git/STM32Cube Data/Plasma_Gen_V1.0_20171227/Src/freertos.c"
Finished building: E:/My_Work/20171116_FemtoScience/Plasma_Gen_git/STM32Cube Data/Plasma_Gen_V1.0_20171227/Src/freertos.c
 
Building file: E:/My_Work/20171116_FemtoScience/Plasma_Gen_git/STM32Cube Data/Plasma_Gen_V1.0_20171227/Src/gpio.c
Invoking: MCU GCC Compiler
E:\My_Work\20171116_FemtoScience\Plasma_Gen_git\STM32Cube Data\Plasma_Gen_V1.0_20171227\SW4STM32\Plasma_Gen_V1.0_20171227\Debug
arm-none-eabi-gcc -mcpu=cortex-m0 -mthumb -mfloat-abi=soft '-D__weak=__attribute__((weak))' '-D__packed=__attribute__((__packed__))' -DUSE_HAL_DRIVER -DSTM32F070xB -I"E:/My_Work/20171116_FemtoScience/Plasma_Gen_git/STM32Cube Data/Plasma_Gen_V1.0_20171227/Inc" -I"E:/My_Work/20171116_FemtoScience/Plasma_Gen_git/STM32Cube Data/Plasma_Gen_V1.0_20171227/Drivers/STM32F0xx_HAL_Driver/Inc" -I"E:/My_Work/20171116_FemtoScience/Plasma_Gen_git/STM32Cube Data/Plasma_Gen_V1.0_20171227/Drivers/STM32F0xx_HAL_Driver/Inc/Legacy" -I"E:/My_Work/20171116_FemtoScience/Plasma_Gen_git/STM32Cube Data/Plasma_Gen_V1.0_20171227/Middlewares/Third_Party/FreeRTOS/Source/portable/GCC/ARM_CM0" -I"E:/My_Work/20171116_FemtoScience/Plasma_Gen_git/STM32Cube Data/Plasma_Gen_V1.0_20171227/Drivers/CMSIS/Device/ST/STM32F0xx/Include" -I"E:/My_Work/20171116_FemtoScience/Plasma_Gen_git/STM32Cube Data/Plasma_Gen_V1.0_20171227/Middlewares/Third_Party/FreeRTOS/Source/include" -I"E:/My_Work/20171116_FemtoScience/Plasma_Gen_git/STM32Cube Data/Plasma_Gen_V1.0_20171227/Middlewares/Third_Party/FreeRTOS/Source/CMSIS_RTOS" -I"E:/My_Work/20171116_FemtoScience/Plasma_Gen_git/STM32Cube Data/Plasma_Gen_V1.0_20171227/Drivers/CMSIS/Include"  -Og -g3 -Wall -fmessage-length=0 -ffunction-sections -c -fmessage-length=0 -MMD -MP -MF"Application/User/gpio.d" -MT"Application/User/gpio.o" -o "Application/User/gpio.o" "E:/My_Work/20171116_FemtoScience/Plasma_Gen_git/STM32Cube Data/Plasma_Gen_V1.0_20171227/Src/gpio.c"
Finished building: E:/My_Work/20171116_FemtoScience/Plasma_Gen_git/STM32Cube Data/Plasma_Gen_V1.0_20171227/Src/gpio.c
 
Building file: E:/My_Work/20171116_FemtoScience/Plasma_Gen_git/STM32Cube Data/Plasma_Gen_V1.0_20171227/Src/main.c
Invoking: MCU GCC Compiler
E:\My_Work\20171116_FemtoScience\Plasma_Gen_git\STM32Cube Data\Plasma_Gen_V1.0_20171227\SW4STM32\Plasma_Gen_V1.0_20171227\Debug
arm-none-eabi-gcc -mcpu=cortex-m0 -mthumb -mfloat-abi=soft '-D__weak=__attribute__((weak))' '-D__packed=__attribute__((__packed__))' -DUSE_HAL_DRIVER -DSTM32F070xB -I"E:/My_Work/20171116_FemtoScience/Plasma_Gen_git/STM32Cube Data/Plasma_Gen_V1.0_20171227/Inc" -I"E:/My_Work/20171116_FemtoScience/Plasma_Gen_git/STM32Cube Data/Plasma_Gen_V1.0_20171227/Drivers/STM32F0xx_HAL_Driver/Inc" -I"E:/My_Work/20171116_FemtoScience/Plasma_Gen_git/STM32Cube Data/Plasma_Gen_V1.0_20171227/Drivers/STM32F0xx_HAL_Driver/Inc/Legacy" -I"E:/My_Work/20171116_FemtoScience/Plasma_Gen_git/STM32Cube Data/Plasma_Gen_V1.0_20171227/Middlewares/Third_Party/FreeRTOS/Source/portable/GCC/ARM_CM0" -I"E:/My_Work/20171116_FemtoScience/Plasma_Gen_git/STM32Cube Data/Plasma_Gen_V1.0_20171227/Drivers/CMSIS/Device/ST/STM32F0xx/Include" -I"E:/My_Work/20171116_FemtoScience/Plasma_Gen_git/STM32Cube Data/Plasma_Gen_V1.0_20171227/Middlewares/Third_Party/FreeRTOS/Source/include" -I"E:/My_Work/20171116_FemtoScience/Plasma_Gen_git/STM32Cube Data/Plasma_Gen_V1.0_20171227/Middlewares/Third_Party/FreeRTOS/Source/CMSIS_RTOS" -I"E:/My_Work/20171116_FemtoScience/Plasma_Gen_git/STM32Cube Data/Plasma_Gen_V1.0_20171227/Drivers/CMSIS/Include"  -Og -g3 -Wall -fmessage-length=0 -ffunction-sections -c -fmessage-length=0 -MMD -MP -MF"Application/User/main.d" -MT"Application/User/main.o" -o "Application/User/main.o" "E:/My_Work/20171116_FemtoScience/Plasma_Gen_git/STM32Cube Data/Plasma_Gen_V1.0_20171227/Src/main.c"
Finished building: E:/My_Work/20171116_FemtoScience/Plasma_Gen_git/STM32Cube Data/Plasma_Gen_V1.0_20171227/Src/main.c
 
Building file: E:/My_Work/20171116_FemtoScience/Plasma_Gen_git/STM32Cube Data/Plasma_Gen_V1.0_20171227/Src/stm32f0xx_hal_msp.c
Invoking: MCU GCC Compiler
E:\My_Work\20171116_FemtoScience\Plasma_Gen_git\STM32Cube Data\Plasma_Gen_V1.0_20171227\SW4STM32\Plasma_Gen_V1.0_20171227\Debug
arm-none-eabi-gcc -mcpu=cortex-m0 -mthumb -mfloat-abi=soft '-D__weak=__attribute__((weak))' '-D__packed=__attribute__((__packed__))' -DUSE_HAL_DRIVER -DSTM32F070xB -I"E:/My_Work/20171116_FemtoScience/Plasma_Gen_git/STM32Cube Data/Plasma_Gen_V1.0_20171227/Inc" -I"E:/My_Work/20171116_FemtoScience/Plasma_Gen_git/STM32Cube Data/Plasma_Gen_V1.0_20171227/Drivers/STM32F0xx_HAL_Driver/Inc" -I"E:/My_Work/20171116_FemtoScience/Plasma_Gen_git/STM32Cube Data/Plasma_Gen_V1.0_20171227/Drivers/STM32F0xx_HAL_Driver/Inc/Legacy" -I"E:/My_Work/20171116_FemtoScience/Plasma_Gen_git/STM32Cube Data/Plasma_Gen_V1.0_20171227/Middlewares/Third_Party/FreeRTOS/Source/portable/GCC/ARM_CM0" -I"E:/My_Work/20171116_FemtoScience/Plasma_Gen_git/STM32Cube Data/Plasma_Gen_V1.0_20171227/Drivers/CMSIS/Device/ST/STM32F0xx/Include" -I"E:/My_Work/20171116_FemtoScience/Plasma_Gen_git/STM32Cube Data/Plasma_Gen_V1.0_20171227/Middlewares/Third_Party/FreeRTOS/Source/include" -I"E:/My_Work/20171116_FemtoScience/Plasma_Gen_git/STM32Cube Data/Plasma_Gen_V1.0_20171227/Middlewares/Third_Party/FreeRTOS/Source/CMSIS_RTOS" -I"E:/My_Work/20171116_FemtoScience/Plasma_Gen_git/STM32Cube Data/Plasma_Gen_V1.0_20171227/Drivers/CMSIS/Include"  -Og -g3 -Wall -fmessage-length=0 -ffunction-sections -c -fmessage-length=0 -MMD -MP -MF"Application/User/stm32f0xx_hal_msp.d" -MT"Application/User/stm32f0xx_hal_msp.o" -o "Application/User/stm32f0xx_hal_msp.o" "E:/My_Work/20171116_FemtoScience/Plasma_Gen_git/STM32Cube Data/Plasma_Gen_V1.0_20171227/Src/stm32f0xx_hal_msp.c"
Finished building: E:/My_Work/20171116_FemtoScience/Plasma_Gen_git/STM32Cube Data/Plasma_Gen_V1.0_20171227/Src/stm32f0xx_hal_msp.c
 
Building file: E:/My_Work/20171116_FemtoScience/Plasma_Gen_git/STM32Cube Data/Plasma_Gen_V1.0_20171227/Src/stm32f0xx_it.c
Invoking: MCU GCC Compiler
E:\My_Work\20171116_FemtoScience\Plasma_Gen_git\STM32Cube Data\Plasma_Gen_V1.0_20171227\SW4STM32\Plasma_Gen_V1.0_20171227\Debug
arm-none-eabi-gcc -mcpu=cortex-m0 -mthumb -mfloat-abi=soft '-D__weak=__attribute__((weak))' '-D__packed=__attribute__((__packed__))' -DUSE_HAL_DRIVER -DSTM32F070xB -I"E:/My_Work/20171116_FemtoScience/Plasma_Gen_git/STM32Cube Data/Plasma_Gen_V1.0_20171227/Inc" -I"E:/My_Work/20171116_FemtoScience/Plasma_Gen_git/STM32Cube Data/Plasma_Gen_V1.0_20171227/Drivers/STM32F0xx_HAL_Driver/Inc" -I"E:/My_Work/20171116_FemtoScience/Plasma_Gen_git/STM32Cube Data/Plasma_Gen_V1.0_20171227/Drivers/STM32F0xx_HAL_Driver/Inc/Legacy" -I"E:/My_Work/20171116_FemtoScience/Plasma_Gen_git/STM32Cube Data/Plasma_Gen_V1.0_20171227/Middlewares/Third_Party/FreeRTOS/Source/portable/GCC/ARM_CM0" -I"E:/My_Work/20171116_FemtoScience/Plasma_Gen_git/STM32Cube Data/Plasma_Gen_V1.0_20171227/Drivers/CMSIS/Device/ST/STM32F0xx/Include" -I"E:/My_Work/20171116_FemtoScience/Plasma_Gen_git/STM32Cube Data/Plasma_Gen_V1.0_20171227/Middlewares/Third_Party/FreeRTOS/Source/include" -I"E:/My_Work/20171116_FemtoScience/Plasma_Gen_git/STM32Cube Data/Plasma_Gen_V1.0_20171227/Middlewares/Third_Party/FreeRTOS/Source/CMSIS_RTOS" -I"E:/My_Work/20171116_FemtoScience/Plasma_Gen_git/STM32Cube Data/Plasma_Gen_V1.0_20171227/Drivers/CMSIS/Include"  -Og -g3 -Wall -fmessage-length=0 -ffunction-sections -c -fmessage-length=0 -MMD -MP -MF"Application/User/stm32f0xx_it.d" -MT"Application/User/stm32f0xx_it.o" -o "Application/User/stm32f0xx_it.o" "E:/My_Work/20171116_FemtoScience/Plasma_Gen_git/STM32Cube Data/Plasma_Gen_V1.0_20171227/Src/stm32f0xx_it.c"
Finished building: E:/My_Work/20171116_FemtoScience/Plasma_Gen_git/STM32Cube Data/Plasma_Gen_V1.0_20171227/Src/stm32f0xx_it.c
 
Building file: E:/My_Work/20171116_FemtoScience/Plasma_Gen_git/STM32Cube Data/Plasma_Gen_V1.0_20171227/Src/tim.c
Invoking: MCU GCC Compiler
E:\My_Work\20171116_FemtoScience\Plasma_Gen_git\STM32Cube Data\Plasma_Gen_V1.0_20171227\SW4STM32\Plasma_Gen_V1.0_20171227\Debug
arm-none-eabi-gcc -mcpu=cortex-m0 -mthumb -mfloat-abi=soft '-D__weak=__attribute__((weak))' '-D__packed=__attribute__((__packed__))' -DUSE_HAL_DRIVER -DSTM32F070xB -I"E:/My_Work/20171116_FemtoScience/Plasma_Gen_git/STM32Cube Data/Plasma_Gen_V1.0_20171227/Inc" -I"E:/My_Work/20171116_FemtoScience/Plasma_Gen_git/STM32Cube Data/Plasma_Gen_V1.0_20171227/Drivers/STM32F0xx_HAL_Driver/Inc" -I"E:/My_Work/20171116_FemtoScience/Plasma_Gen_git/STM32Cube Data/Plasma_Gen_V1.0_20171227/Drivers/STM32F0xx_HAL_Driver/Inc/Legacy" -I"E:/My_Work/20171116_FemtoScience/Plasma_Gen_git/STM32Cube Data/Plasma_Gen_V1.0_20171227/Middlewares/Third_Party/FreeRTOS/Source/portable/GCC/ARM_CM0" -I"E:/My_Work/20171116_FemtoScience/Plasma_Gen_git/STM32Cube Data/Plasma_Gen_V1.0_20171227/Drivers/CMSIS/Device/ST/STM32F0xx/Include" -I"E:/My_Work/20171116_FemtoScience/Plasma_Gen_git/STM32Cube Data/Plasma_Gen_V1.0_20171227/Middlewares/Third_Party/FreeRTOS/Source/include" -I"E:/My_Work/20171116_FemtoScience/Plasma_Gen_git/STM32Cube Data/Plasma_Gen_V1.0_20171227/Middlewares/Third_Party/FreeRTOS/Source/CMSIS_RTOS" -I"E:/My_Work/20171116_FemtoScience/Plasma_Gen_git/STM32Cube Data/Plasma_Gen_V1.0_20171227/Drivers/CMSIS/Include"  -Og -g3 -Wall -fmessage-length=0 -ffunction-sections -c -fmessage-length=0 -MMD -MP -MF"Application/User/tim.d" -MT"Application/User/tim.o" -o "Application/User/tim.o" "E:/My_Work/20171116_FemtoScience/Plasma_Gen_git/STM32Cube Data/Plasma_Gen_V1.0_20171227/Src/tim.c"
Finished building: E:/My_Work/20171116_FemtoScience/Plasma_Gen_git/STM32Cube Data/Plasma_Gen_V1.0_20171227/Src/tim.c
 
Building file: E:/My_Work/20171116_FemtoScience/Plasma_Gen_git/STM32Cube Data/Plasma_Gen_V1.0_20171227/Src/usart.c
Invoking: MCU GCC Compiler
E:\My_Work\20171116_FemtoScience\Plasma_Gen_git\STM32Cube Data\Plasma_Gen_V1.0_20171227\SW4STM32\Plasma_Gen_V1.0_20171227\Debug
arm-none-eabi-gcc -mcpu=cortex-m0 -mthumb -mfloat-abi=soft '-D__weak=__attribute__((weak))' '-D__packed=__attribute__((__packed__))' -DUSE_HAL_DRIVER -DSTM32F070xB -I"E:/My_Work/20171116_FemtoScience/Plasma_Gen_git/STM32Cube Data/Plasma_Gen_V1.0_20171227/Inc" -I"E:/My_Work/20171116_FemtoScience/Plasma_Gen_git/STM32Cube Data/Plasma_Gen_V1.0_20171227/Drivers/STM32F0xx_HAL_Driver/Inc" -I"E:/My_Work/20171116_FemtoScience/Plasma_Gen_git/STM32Cube Data/Plasma_Gen_V1.0_20171227/Drivers/STM32F0xx_HAL_Driver/Inc/Legacy" -I"E:/My_Work/20171116_FemtoScience/Plasma_Gen_git/STM32Cube Data/Plasma_Gen_V1.0_20171227/Middlewares/Third_Party/FreeRTOS/Source/portable/GCC/ARM_CM0" -I"E:/My_Work/20171116_FemtoScience/Plasma_Gen_git/STM32Cube Data/Plasma_Gen_V1.0_20171227/Drivers/CMSIS/Device/ST/STM32F0xx/Include" -I"E:/My_Work/20171116_FemtoScience/Plasma_Gen_git/STM32Cube Data/Plasma_Gen_V1.0_20171227/Middlewares/Third_Party/FreeRTOS/Source/include" -I"E:/My_Work/20171116_FemtoScience/Plasma_Gen_git/STM32Cube Data/Plasma_Gen_V1.0_20171227/Middlewares/Third_Party/FreeRTOS/Source/CMSIS_RTOS" -I"E:/My_Work/20171116_FemtoScience/Plasma_Gen_git/STM32Cube Data/Plasma_Gen_V1.0_20171227/Drivers/CMSIS/Include"  -Og -g3 -Wall -fmessage-length=0 -ffunction-sections -c -fmessage-length=0 -MMD -MP -MF"Application/User/usart.d" -MT"Application/User/usart.o" -o "Application/User/usart.o" "E:/My_Work/20171116_FemtoScience/Plasma_Gen_git/STM32Cube Data/Plasma_Gen_V1.0_20171227/Src/usart.c"
Finished building: E:/My_Work/20171116_FemtoScience/Plasma_Gen_git/STM32Cube Data/Plasma_Gen_V1.0_20171227/Src/usart.c
 
Building file: E:/My_Work/20171116_FemtoScience/Plasma_Gen_git/STM32Cube Data/Plasma_Gen_V1.0_20171227/SW4STM32/startup_stm32f070xb.s
Invoking: MCU GCC Assembler
E:\My_Work\20171116_FemtoScience\Plasma_Gen_git\STM32Cube Data\Plasma_Gen_V1.0_20171227\SW4STM32\Plasma_Gen_V1.0_20171227\Debug
arm-none-eabi-as -mcpu=cortex-m0 -mthumb -mfloat-abi=soft -g -o "Application/SW4STM32/startup_stm32f070xb.o" "E:/My_Work/20171116_FemtoScience/Plasma_Gen_git/STM32Cube Data/Plasma_Gen_V1.0_20171227/SW4STM32/startup_stm32f070xb.s"
Finished building: E:/My_Work/20171116_FemtoScience/Plasma_Gen_git/STM32Cube Data/Plasma_Gen_V1.0_20171227/SW4STM32/startup_stm32f070xb.s
 
Building target: Plasma_Gen_V1.0_20171227.elf
Invoking: MCU GCC Linker
arm-none-eabi-gcc -mcpu=cortex-m0 -mthumb -mfloat-abi=soft -specs=nosys.specs -specs=nano.specs -T"../STM32F070RBTx_FLASH.ld" -Wl,-Map=output.map -Wl,--gc-sections -o "Plasma_Gen_V1.0_20171227.elf" @"objects.list"   -lm
Finished building target: Plasma_Gen_V1.0_20171227.elf
 
make --no-print-directory post-build
Generating binary and Printing size information:
arm-none-eabi-objcopy -O binary "Plasma_Gen_V1.0_20171227.elf" "Plasma_Gen_V1.0_20171227.bin"
arm-none-eabi-size "Plasma_Gen_V1.0_20171227.elf"
   text	   data	    bss	    dec	    hex	filename
  16752	     16	   5288	  22056	   5628	Plasma_Gen_V1.0_20171227.elf
 

21:14:52 Build Finished (took 14s.726ms)

